Component: ARM Compiler 5.06 update 6 (build 750) Tool: armlink [4d35ed]

==============================================================================

Section Cross References

    main.o(i.main) refers to usbd_core.o(i.USBD_Init) for USBD_Init
    main.o(i.main) refers to usbd_usr.o(.data) for USR_cb
    main.o(i.main) refers to usbd_cdc_core.o(.data) for USBD_CDC_cb
    main.o(i.main) refers to usbd_desc.o(.data) for USR_desc
    main.o(i.main) refers to main.o(.bss) for USB_OTG_dev
    main.o(i.main) refers to usbd_cdc_vcp.o(.data) for VCP_fops
    stm32f4xx_it.o(i.OTG_FS_IRQHandler) refers to usb_dcd_int.o(i.USBD_OTG_ISR_Handler) for USBD_OTG_ISR_Handler
    stm32f4xx_it.o(i.OTG_FS_IRQHandler) refers to main.o(.bss) for USB_OTG_dev
    stm32f407vet_config.o(i.CPU_Initialization) refers to misc.o(i.NVIC_PriorityGroupConfig) for NVIC_PriorityGroupConfig
    system_stm32f4xx.o(i.SystemCoreClockUpdate) refers to system_stm32f4xx.o(.data) for SystemCoreClock
    system_stm32f4xx.o(i.SystemInit) refers to system_stm32f4xx.o(i.SetSysClock) for SetSysClock
    delay.o(i.delay_init) refers to misc.o(i.SysTick_CLKSourceConfig) for SysTick_CLKSourceConfig
    delay.o(i.delay_init) refers to delay.o(.data) for fac_us
    delay.o(i.delay_us) refers to delay.o(.data) for fac_us
    delay.o(i.delay_xms) refers to delay.o(.data) for fac_ms
    startup_stm32f40_41xxx.o(STACK) refers (Special) to heapauxi.o(.text) for __use_two_region_memory
    startup_stm32f40_41xxx.o(HEAP) refers (Special) to heapauxi.o(.text) for __use_two_region_memory
    startup_stm32f40_41xxx.o(RESET) refers (Special) to heapauxi.o(.text) for __use_two_region_memory
    startup_stm32f40_41xxx.o(RESET) refers to startup_stm32f40_41xxx.o(STACK) for __initial_sp
    startup_stm32f40_41xxx.o(RESET) refers to startup_stm32f40_41xxx.o(.text) for Reset_Handler
    startup_stm32f40_41xxx.o(RESET) refers to stm32f4xx_it.o(i.NMI_Handler) for NMI_Handler
    startup_stm32f40_41xxx.o(RESET) refers to stm32f4xx_it.o(i.HardFault_Handler) for HardFault_Handler
    startup_stm32f40_41xxx.o(RESET) refers to stm32f4xx_it.o(i.MemManage_Handler) for MemManage_Handler
    startup_stm32f40_41xxx.o(RESET) refers to stm32f4xx_it.o(i.BusFault_Handler) for BusFault_Handler
    startup_stm32f40_41xxx.o(RESET) refers to stm32f4xx_it.o(i.UsageFault_Handler) for UsageFault_Handler
    startup_stm32f40_41xxx.o(RESET) refers to stm32f4xx_it.o(i.SVC_Handler) for SVC_Handler
    startup_stm32f40_41xxx.o(RESET) refers to stm32f4xx_it.o(i.DebugMon_Handler) for DebugMon_Handler
    startup_stm32f40_41xxx.o(RESET) refers to stm32f4xx_it.o(i.PendSV_Handler) for PendSV_Handler
    startup_stm32f40_41xxx.o(RESET) refers to stm32f4xx_it.o(i.SysTick_Handler) for SysTick_Handler
    startup_stm32f40_41xxx.o(RESET) refers to stm32f4xx_it.o(i.OTG_FS_IRQHandler) for OTG_FS_IRQHandler
    startup_stm32f40_41xxx.o(.text) refers (Special) to heapauxi.o(.text) for __use_two_region_memory
    startup_stm32f40_41xxx.o(.text) refers to system_stm32f4xx.o(i.SystemInit) for SystemInit
    startup_stm32f40_41xxx.o(.text) refers to __main.o(!!!main) for __main
    startup_stm32f40_41xxx.o(.text) refers to startup_stm32f40_41xxx.o(HEAP) for Heap_Mem
    startup_stm32f40_41xxx.o(.text) refers to startup_stm32f40_41xxx.o(STACK) for Stack_Mem
    stm32f4xx_gpio.o(i.GPIO_DeInit) refers to stm32f4xx_rcc.o(i.RCC_AHB1PeriphResetCmd) for RCC_AHB1PeriphResetCmd
    stm32f4xx_rcc.o(i.RCC_GetClocksFreq) refers to stm32f4xx_rcc.o(.data) for APBAHBPrescTable
    stm32f4xx_rcc.o(i.RCC_WaitForHSEStartUp) refers to stm32f4xx_rcc.o(i.RCC_GetFlagStatus) for RCC_GetFlagStatus
    stm32f4xx_syscfg.o(i.SYSCFG_DeInit) refers to stm32f4xx_rcc.o(i.RCC_APB2PeriphResetCmd) for RCC_APB2PeriphResetCmd
    stm32f4xx_tim.o(i.TIM_DeInit) refers to stm32f4xx_rcc.o(i.RCC_APB2PeriphResetCmd) for RCC_APB2PeriphResetCmd
    stm32f4xx_tim.o(i.TIM_DeInit) refers to stm32f4xx_rcc.o(i.RCC_APB1PeriphResetCmd) for RCC_APB1PeriphResetCmd
    stm32f4xx_tim.o(i.TIM_ETRClockMode1Config) refers to stm32f4xx_tim.o(i.TIM_ETRConfig) for TIM_ETRConfig
    stm32f4xx_tim.o(i.TIM_ETRClockMode2Config) refers to stm32f4xx_tim.o(i.TIM_ETRConfig) for TIM_ETRConfig
    stm32f4xx_tim.o(i.TIM_ICInit) refers to stm32f4xx_tim.o(i.TI1_Config) for TI1_Config
    stm32f4xx_tim.o(i.TIM_ICInit) refers to stm32f4xx_tim.o(i.TIM_SetIC1Prescaler) for TIM_SetIC1Prescaler
    stm32f4xx_tim.o(i.TIM_ICInit) refers to stm32f4xx_tim.o(i.TI2_Config) for TI2_Config
    stm32f4xx_tim.o(i.TIM_ICInit) refers to stm32f4xx_tim.o(i.TIM_SetIC2Prescaler) for TIM_SetIC2Prescaler
    stm32f4xx_tim.o(i.TIM_ICInit) refers to stm32f4xx_tim.o(i.TI3_Config) for TI3_Config
    stm32f4xx_tim.o(i.TIM_ICInit) refers to stm32f4xx_tim.o(i.TIM_SetIC3Prescaler) for TIM_SetIC3Prescaler
    stm32f4xx_tim.o(i.TIM_ICInit) refers to stm32f4xx_tim.o(i.TI4_Config) for TI4_Config
    stm32f4xx_tim.o(i.TIM_ICInit) refers to stm32f4xx_tim.o(i.TIM_SetIC4Prescaler) for TIM_SetIC4Prescaler
[...]
    ..\\USB\\USB_OTG\\src\\usb_dcd.c         0x00000000   Number         0  usb_dcd.o ABSOLUTE
    ..\\USB\\USB_OTG\\src\\usb_dcd_int.c     0x00000000   Number         0  usb_dcd_int.o ABSOLUTE
    ..\\USB_APP\\src\\usbd_cdc_core.c        0x00000000   Number         0  usbd_cdc_core.o ABSOLUTE
    ..\\USB_APP\\src\\usbd_cdc_vcp.c         0x00000000   Number         0  usbd_cdc_vcp.o ABSOLUTE
    ..\\USB_APP\\src\\usbd_desc.c            0x00000000   Number         0  usbd_desc.o ABSOLUTE
    ..\\USB_APP\\src\\usbd_usr.c             0x00000000   Number         0  usbd_usr.o ABSOLUTE
    STM32F407VET_Config.c                    0x00000000   Number         0  stm32f407vet_config.o ABSOLUTE
    STM32F407VET_Config.c                    0x00000000   Number         0  stm32f407vet_config.o ABSOLUTE
    dc.s                                     0x00000000   Number         0  dc.o ABSOLUTE
    main.c                                   0x00000000   Number         0  main.o ABSOLUTE
    main.c                                   0x00000000   Number         0  main.o ABSOLUTE
    stm32f4xx_it.c                           0x00000000   Number         0  stm32f4xx_it.o ABSOLUTE
    stm32f4xx_it.c                           0x00000000   Number         0  stm32f4xx_it.o ABSOLUTE
    system_stm32f4xx.c                       0x00000000   Number         0  system_stm32f4xx.o ABSOLUTE
    system_stm32f4xx.c                       0x00000000   Number         0  system_stm32f4xx.o ABSOLUTE
    RESET                                    0x08000000   Section      392  startup_stm32f40_41xxx.o(RESET)
    !!!main                                  0x08000188   Section        8  __main.o(!!!main)
    !!!scatter                               0x08000190   Section       52  __scatter.o(!!!scatter)
    !!dczerorl2                              0x080001c4   Section       90  __dczerorl2.o(!!dczerorl2)
    !!handler_zi                             0x08000220   Section       28  __scatter_zi.o(!!handler_zi)
    .ARM.Collect$$libinit$$00000000          0x0800023c   Section        2  libinit.o(.ARM.Collect$$libinit$$00000000)
    .ARM.Collect$$libinit$$00000001          0x0800023e   Section        4  libinit2.o(.ARM.Collect$$libinit$$00000001)
    .ARM.Collect$$libinit$$00000004          0x08000242   Section        0  libinit2.o(.ARM.Collect$$libinit$$00000004)
    .ARM.Collect$$libinit$$0000000A          0x08000242   Section        0  libinit2.o(.ARM.Collect$$libinit$$0000000A)
    .ARM.Collect$$libinit$$0000000C          0x08000242   Section        0  libinit2.o(.ARM.Collect$$libinit$$0000000C)
    .ARM.Collect$$libinit$$0000000E          0x08000242   Section        0  libinit2.o(.ARM.Collect$$libinit$$0000000E)
    .ARM.Collect$$libinit$$00000011          0x08000242   Section        0  libinit2.o(.ARM.Collect$$libinit$$00000011)
    .ARM.Collect$$libinit$$00000013          0x08000242   Section        0  libinit2.o(.ARM.Collect$$libinit$$00000013)
    .ARM.Collect$$libinit$$00000015          0x08000242   Section        0  libinit2.o(.ARM.Collect$$libinit$$00000015)
    .ARM.Collect$$libinit$$00000017          0x08000242   Section        0  libinit2.o(.ARM.Collect$$libinit$$00000017)
    .ARM.Collect$$libinit$$00000019          0x08000242   Section        0  libinit2.o(.ARM.Collect$$libinit$$00000019)
    .ARM.Collect$$libinit$$0000001B          0x08000242   Section        0  libinit2.o(.ARM.Collect$$libinit$$0000001B)
    .ARM.Collect$$libinit$$0000001D          0x08000242   Section        0  libinit2.o(.ARM.Collect$$libinit$$0000001D)
    .ARM.Collect$$libinit$$0000001F          0x08000242   Section        0  libinit2.o(.ARM.Collect$$libinit$$0000001F)
    .ARM.Collect$$libinit$$00000021          0x08000242   Section        0  libinit2.o(.ARM.Collect$$libinit$$00000021)
    .ARM.Collect$$libinit$$00000023          0x08000242   Section        0  libinit2.o(.ARM.Collect$$libinit$$00000023)
    .ARM.Collect$$libinit$$00000025          0x08000242   Section        0  libinit2.o(.ARM.Collect$$libinit$$00000025)
    .ARM.Collect$$libinit$$0000002C          0x08000242   Section        0  libinit2.o(.ARM.Collect$$libinit$$0000002C)
    .ARM.Collect$$libinit$$0000002E          0x08000242   Section        0  libinit2.o(.ARM.Collect$$libinit$$0000002E)
    .ARM.Collect$$libinit$$00000030          0x08000242   Section        0  libinit2.o(.ARM.Collect$$libinit$$00000030)
    .ARM.Collect$$libinit$$00000032          0x08000242   Section        0  libinit2.o(.ARM.Collect$$libinit$$00000032)
    .ARM.Collect$$libinit$$00000033          0x08000242   Section        2  libinit2.o(.ARM.Collect$$libinit$$00000033)
    .ARM.Collect$$libshutdown$$00000000      0x08000244   Section        2  libshutdown.o(.ARM.Collect$$libshutdown$$00000000)
    .ARM.Collect$$libshutdown$$00000002      0x08000246   Section        0  libshutdown2.o(.ARM.Collect$$libshutdown$$00000002)
    .ARM.Collect$$libshutdown$$00000004      0x08000246   Section        0  libshutdown2.o(.ARM.Collect$$libshutdown$$00000004)
    .ARM.Collect$$libshutdown$$00000007      0x08000246   Section        0  libshutdown2.o(.ARM.Collect$$libshutdown$$00000007)
    .ARM.Collect$$libshutdown$$0000000A      0x08000246   Section        0  libshutdown2.o(.ARM.Collect$$libshutdown$$0000000A)
    .ARM.Collect$$libshutdown$$0000000C      0x08000246   Section        0  libshutdown2.o(.ARM.Collect$$libshutdown$$0000000C)
    .ARM.Collect$$libshutdown$$0000000F      0x08000246   Section        0  libshutdown2.o(.ARM.Collect$$libshutdown$$0000000F)
    .ARM.Collect$$libshutdown$$00000010      0x08000246   Section        2  libshutdown2.o(.ARM.Collect$$libshutdown$$00000010)
    .ARM.Collect$$rtentry$$00000000          0x08000248   Section        0  __rtentry.o(.ARM.Collect$$rtentry$$00000000)
    .ARM.Collect$$rtentry$$00000002          0x08000248   Section        0  __rtentry2.o(.ARM.Collect$$rtentry$$00000002)
    .ARM.Collect$$rtentry$$00000004          0x08000248   Section        6  __rtentry4.o(.ARM.Collect$$rtentry$$00000004)
    .ARM.Collect$$rtentry$$00000009          0x0800024e   Section        0  __rtentry2.o(.ARM.Collect$$rtentry$$00000009)
    .ARM.Collect$$rtentry$$0000000A          0x0800024e   Section        4  __rtentry2.o(.ARM.Collect$$rtentry$$0000000A)
    .ARM.Collect$$rtentry$$0000000C          0x08000252   Section        0  __rtentry2.o(.ARM.Collect$$rtentry$$0000000C)
    .ARM.Collect$$rtentry$$0000000D          0x08000252   Section        8  __rtentry2.o(.ARM.Collect$$rtentry$$0000000D)
    .ARM.Collect$$rtexit$$00000000           0x0800025a   Section        2  rtexit.o(.ARM.Collect$$rtexit$$00000000)
    .ARM.Collect$$rtexit$$00000002           0x0800025c   Section        0  rtexit2.o(.ARM.Collect$$rtexit$$00000002)
    .ARM.Collect$$rtexit$$00000003           0x0800025c   Section        4  rtexit2.o(.ARM.Collect$$rtexit$$00000003)
    .ARM.Collect$$rtexit$$00000004           0x08000260   Section        6  rtexit2.o(.ARM.Collect$$rtexit$$00000004)
    .text                                    0x08000268   Section       64  startup_stm32f40_41xxx.o(.text)
    $v0                                      0x08000268   Number         0  startup_stm32f40_41xxx.o(.text)
    .text                                    0x080002a8   Section        0  heapauxi.o(.text)
    .text                                    0x080002ae   Section       74  sys_stackheap_outer.o(.text)
    .text                                    0x080002f8   Section        0  exit.o(.text)
    .text                                    0x0800030c   Section        8  libspace.o(.text)
    .text                                    0x08000314   Section        0  sys_exit.o(.text)
    .text                                    0x08000320   Section        2  use_no_semi.o(.text)
    .text                                    0x08000322   Section        0  indicate_semi.o(.text)
    i.BusFault_Handler                       0x08000322   Section        0  stm32f4xx_it.o(i.BusFault_Handler)
    i.DCD_EP_Close                           0x08000326   Section        0  usb_dcd.o(i.DCD_EP_Close)
    i.DCD_EP_ClrStall                        0x08000370   Section        0  usb_dcd.o(i.DCD_EP_ClrStall)
    i.DCD_EP_Open                            0x080003b8   Section        0  usb_dcd.o(i.DCD_EP_Open)
    i.DCD_EP_PrepareRx                       0x08000420   Section        0  usb_dcd.o(i.DCD_EP_PrepareRx)
    i.DCD_EP_SetAddress                      0x08000472   Section        0  usb_dcd.o(i.DCD_EP_SetAddress)
    i.DCD_EP_Stall                           0x0800048e   Section        0  usb_dcd.o(i.DCD_EP_Stall)
    i.DCD_EP_Tx                              0x080004d6   Section        0  usb_dcd.o(i.DCD_EP_Tx)
    i.DCD_HandleEnumDone_ISR                 0x08000524   Section        0  usb_dcd_int.o(i.DCD_HandleEnumDone_ISR)
    DCD_HandleEnumDone_ISR                   0x08000525   Thumb Code   364  usb_dcd_int.o(i.DCD_HandleEnumDone_ISR)
    i.DCD_HandleInEP_ISR                     0x080006bc   Section        0  usb_dcd_int.o(i.DCD_HandleInEP_ISR)
    DCD_HandleInEP_ISR                       0x080006bd   Thumb Code   290  usb_dcd_int.o(i.DCD_HandleInEP_ISR)
    i.DCD_HandleOutEP_ISR                    0x080007e4   Section        0  usb_dcd_int.o(i.DCD_HandleOutEP_ISR)
    DCD_HandleOutEP_ISR                      0x080007e5   Thumb Code   252  usb_dcd_int.o(i.DCD_HandleOutEP_ISR)
    i.DCD_HandleResume_ISR                   0x080008e4   Section        0  usb_dcd_int.o(i.DCD_HandleResume_ISR)
    DCD_HandleResume_ISR                     0x080008e5   Thumb Code   102  usb_dcd_int.o(i.DCD_HandleResume_ISR)
    i.DCD_HandleRxStatusQueueLevel_ISR       0x08000950   Section        0  usb_dcd_int.o(i.DCD_HandleRxStatusQueueLevel_ISR)
    DCD_HandleRxStatusQueueLevel_ISR         0x08000951   Thumb Code   176  usb_dcd_int.o(i.DCD_HandleRxStatusQueueLevel_ISR)
    i.DCD_HandleSof_ISR                      0x08000a00   Section        0  usb_dcd_int.o(i.DCD_HandleSof_ISR)
    DCD_HandleSof_ISR                        0x08000a01   Thumb Code    38  usb_dcd_int.o(i.DCD_HandleSof_ISR)
    i.DCD_HandleUSBSuspend_ISR               0x08000a2c   Section        0  usb_dcd_int.o(i.DCD_HandleUSBSuspend_ISR)
    DCD_HandleUSBSuspend_ISR                 0x08000a2d   Thumb Code   158  usb_dcd_int.o(i.DCD_HandleUSBSuspend_ISR)
    i.DCD_HandleUsbReset_ISR                 0x08000ad4   Section        0  usb_dcd_int.o(i.DCD_HandleUsbReset_ISR)
    DCD_HandleUsbReset_ISR                   0x08000ad5   Thumb Code   254  usb_dcd_int.o(i.DCD_HandleUsbReset_ISR)
    i.DCD_Init                               0x08000bd8   Section        0  usb_dcd.o(i.DCD_Init)
    i.DCD_IsoINIncomplete_ISR                0x08000c74   Section        0  usb_dcd_int.o(i.DCD_IsoINIncomplete_ISR)
    DCD_IsoINIncomplete_ISR                  0x08000c75   Thumb Code    40  usb_dcd_int.o(i.DCD_IsoINIncomplete_ISR)
    i.DCD_IsoOUTIncomplete_ISR               0x08000ca0   Section        0  usb_dcd_int.o(i.DCD_IsoOUTIncomplete_ISR)
    DCD_IsoOUTIncomplete_ISR                 0x08000ca1   Thumb Code    40  usb_dcd_int.o(i.DCD_IsoOUTIncomplete_ISR)
    i.DCD_OTG_ISR                            0x08000ccc   Section        0  usb_dcd_int.o(i.DCD_OTG_ISR)
    DCD_OTG_ISR                              0x08000ccd   Thumb Code    38  usb_dcd_int.o(i.DCD_OTG_ISR)
    i.DCD_ReadDevInEP                        0x08000cf8   Section        0  usb_dcd_int.o(i.DCD_ReadDevInEP)
    DCD_ReadDevInEP                          0x08000cf9   Thumb Code    40  usb_dcd_int.o(i.DCD_ReadDevInEP)
    i.DCD_SessionRequest_ISR                 0x08000d20   Section        0  usb_dcd_int.o(i.DCD_SessionRequest_ISR)
    DCD_SessionRequest_ISR                   0x08000d21   Thumb Code    40  usb_dcd_int.o(i.DCD_SessionRequest_ISR)
    i.DCD_WriteEmptyTxFifo                   0x08000d4c   Section        0  usb_dcd_int.o(i.DCD_WriteEmptyTxFifo)
    DCD_WriteEmptyTxFifo                     0x08000d4d   Thumb Code   172  usb_dcd_int.o(i.DCD_WriteEmptyTxFifo)
    i.DebugMon_Handler                       0x08000df8   Section        0  stm32f4xx_it.o(i.DebugMon_Handler)
    i.GPIO_Init                              0x08000dfa   Section        0  stm32f4xx_gpio.o(i.GPIO_Init)
    i.GPIO_PinAFConfig                       0x08000e8a   Section        0  stm32f4xx_gpio.o(i.GPIO_PinAFConfig)
    i.Get_SerialNum                          0x08000ed0   Section        0  usbd_desc.o(i.Get_SerialNum)
    Get_SerialNum                            0x08000ed1   Thumb Code    42  usbd_desc.o(i.Get_SerialNum)
    i.Handle_USBAsynchXfer                   0x08000f04   Section        0  usbd_cdc_core.o(i.Handle_USBAsynchXfer)
    Handle_USBAsynchXfer                     0x08000f05   Thumb Code   594  usbd_cdc_core.o(i.Handle_USBAsynchXfer)
    i.HardFault_Handler                      0x08001174   Section        0  stm32f4xx_it.o(i.HardFault_Handler)
    i.IntToUnicode                           0x08001178   Section        0  usbd_desc.o(i.IntToUnicode)
    IntToUnicode                             0x08001179   Thumb Code    62  usbd_desc.o(i.IntToUnicode)
    i.MemManage_Handler                      0x080011b6   Section        0  stm32f4xx_it.o(i.MemManage_Handler)
    i.NMI_Handler                            0x080011ba   Section        0  stm32f4xx_it.o(i.NMI_Handler)
    i.NVIC_Init                              0x080011bc   Section        0  misc.o(i.NVIC_Init)
    i.OTG_FS_IRQHandler                      0x08001234   Section        0  stm32f4xx_it.o(i.OTG_FS_IRQHandler)
    i.PendSV_Handler                         0x08001244   Section        0  stm32f4xx_it.o(i.PendSV_Handler)
    i.RCC_AHB1PeriphClockCmd                 0x08001248   Section        0  stm32f4xx_rcc.o(i.RCC_AHB1PeriphClockCmd)
    i.RCC_AHB2PeriphClockCmd                 0x08001268   Section        0  stm32f4xx_rcc.o(i.RCC_AHB2PeriphClockCmd)
    i.RCC_APB2PeriphClockCmd                 0x08001288   Section        0  stm32f4xx_rcc.o(i.RCC_APB2PeriphClockCmd)
    i.RCC_GetClocksFreq                      0x080012a8   Section        0  stm32f4xx_rcc.o(i.RCC_GetClocksFreq)
    i.SVC_Handler                            0x08001390   Section        0  stm32f4xx_it.o(i.SVC_Handler)
    i.SetSysClock                            0x08001394   Section        0  system_stm32f4xx.o(i.SetSysClock)
    SetSysClock                              0x08001395   Thumb Code   220  system_stm32f4xx.o(i.SetSysClock)
    i.SysTick_Handler                        0x08001480   Section        0  stm32f4xx_it.o(i.SysTick_Handler)
    i.SystemInit                             0x08001484   Section        0  system_stm32f4xx.o(i.SystemInit)
    i.USART_ITConfig                         0x080014ec   Section        0  stm32f4xx_usart.o(i.USART_ITConfig)
    i.USART_Init                             0x08001538   Section        0  stm32f4xx_usart.o(i.USART_Init)
    i.USBD_ClrCfg                            0x0800160c   Section        0  usbd_core.o(i.USBD_ClrCfg)
    i.USBD_ClrFeature                        0x08001622   Section        0  usbd_req.o(i.USBD_ClrFeature)
    USBD_ClrFeature                          0x08001623   Thumb Code    72  usbd_req.o(i.USBD_ClrFeature)
    i.USBD_CtlContinueRx                     0x0800166a   Section        0  usbd_ioreq.o(i.USBD_CtlContinueRx)
    i.USBD_CtlContinueSendData               0x08001688   Section        0  usbd_ioreq.o(i.USBD_CtlContinueSendData)
    i.USBD_CtlError                          0x080016a6   Section        0  usbd_req.o(i.USBD_CtlError)
    i.USBD_CtlPrepareRx                      0x080016c4   Section        0  usbd_ioreq.o(i.USBD_CtlPrepareRx)
    i.USBD_CtlReceiveStatus                  0x080016f2   Section        0  usbd_ioreq.o(i.USBD_CtlReceiveStatus)
    i.USBD_CtlSendData                       0x08001716   Section        0  usbd_ioreq.o(i.USBD_CtlSendData)
    i.USBD_CtlSendStatus                     0x08001744   Section        0  usbd_ioreq.o(i.USBD_CtlSendStatus)
    i.USBD_DataInStage                       0x08001768   Section        0  usbd_core.o(i.USBD_DataInStage)
    USBD_DataInStage                         0x08001769   Thumb Code   232  usbd_core.o(i.USBD_DataInStage)
    i.USBD_DataOutStage                      0x08001850   Section        0  usbd_core.o(i.USBD_DataOutStage)
    USBD_DataOutStage                        0x08001851   Thumb Code   150  usbd_core.o(i.USBD_DataOutStage)
    i.USBD_DeInit                            0x080018e6   Section        0  usbd_core.o(i.USBD_DeInit)
    i.USBD_DevConnected                      0x080018ec   Section        0  usbd_core.o(i.USBD_DevConnected)
    USBD_DevConnected                        0x080018ed   Thumb Code    24  usbd_core.o(i.USBD_DevConnected)
    i.USBD_DevDisconnected                   0x08001904   Section        0  usbd_core.o(i.USBD_DevDisconnected)
    USBD_DevDisconnected                     0x08001905   Thumb Code    36  usbd_core.o(i.USBD_DevDisconnected)
    i.USBD_GetConfig                         0x08001928   Section        0  usbd_req.o(i.USBD_GetConfig)
    USBD_GetConfig                           0x08001929   Thumb Code    78  usbd_req.o(i.USBD_GetConfig)
    i.USBD_GetDescriptor                     0x0800197c   Section        0  usbd_req.o(i.USBD_GetDescriptor)
    USBD_GetDescriptor                       0x0800197d   Thumb Code   274  usbd_req.o(i.USBD_GetDescriptor)
    i.USBD_GetLen                            0x08001a8e   Section        0  usbd_req.o(i.USBD_GetLen)
    USBD_GetLen                              0x08001a8f   Thumb Code    20  usbd_req.o(i.USBD_GetLen)
    i.USBD_GetStatus                         0x08001aa4   Section        0  usbd_req.o(i.USBD_GetStatus)
    USBD_GetStatus                           0x08001aa5   Thumb Code    74  usbd_req.o(i.USBD_GetStatus)
    i.USBD_GetString                         0x08001af4   Section        0  usbd_req.o(i.USBD_GetString)
    i.USBD_Init                              0x08001b46   Section        0  usbd_core.o(i.USBD_Init)
    i.USBD_IsoINIncomplete                   0x08001b88   Section        0  usbd_core.o(i.USBD_IsoINIncomplete)
    USBD_IsoINIncomplete                     0x08001b89   Thumb Code    18  usbd_core.o(i.USBD_IsoINIncomplete)
    i.USBD_IsoOUTIncomplete                  0x08001b9a   Section        0  usbd_core.o(i.USBD_IsoOUTIncomplete)
    USBD_IsoOUTIncomplete                    0x08001b9b   Thumb Code    18  usbd_core.o(i.USBD_IsoOUTIncomplete)
    i.USBD_OTG_ISR_Handler                   0x08001bac   Section        0  usb_dcd_int.o(i.USBD_OTG_ISR_Handler)
    i.USBD_ParseSetupRequest                 0x08001cac   Section        0  usbd_req.o(i.USBD_ParseSetupRequest)
    i.USBD_Reset                             0x08001cf4   Section        0  usbd_core.o(i.USBD_Reset)
    USBD_Reset                               0x08001cf5   Thumb Code    50  usbd_core.o(i.USBD_Reset)
    i.USBD_Resume                            0x08001d26   Section        0  usbd_core.o(i.USBD_Resume)
    USBD_Resume                              0x08001d27   Thumb Code    30  usbd_core.o(i.USBD_Resume)
    i.USBD_RunTestMode                       0x08001d44   Section        0  usbd_core.o(i.USBD_RunTestMode)
    USBD_RunTestMode                         0x08001d45   Thumb Code    14  usbd_core.o(i.USBD_RunTestMode)
    i.USBD_SOF                               0x08001d58   Section        0  usbd_core.o(i.USBD_SOF)
    USBD_SOF                                 0x08001d59   Thumb Code    26  usbd_core.o(i.USBD_SOF)
    i.USBD_SetAddress                        0x08001d72   Section        0  usbd_req.o(i.USBD_SetAddress)
    USBD_SetAddress                          0x08001d73   Thumb Code    92  usbd_req.o(i.USBD_SetAddress)
    i.USBD_SetCfg                            0x08001dce   Section        0  usbd_core.o(i.USBD_SetCfg)
    i.USBD_SetConfig                         0x08001dec   Section        0  usbd_req.o(i.USBD_SetConfig)
    USBD_SetConfig                           0x08001ded   Thumb Code   204  usbd_req.o(i.USBD_SetConfig)
    i.USBD_SetFeature                        0x08001ebc   Section        0  usbd_req.o(i.USBD_SetFeature)
    USBD_SetFeature                          0x08001ebd   Thumb Code   172  usbd_req.o(i.USBD_SetFeature)
    i.USBD_SetupStage                        0x08001f6c   Section        0  usbd_core.o(i.USBD_SetupStage)
    USBD_SetupStage                          0x08001f6d   Thumb Code    84  usbd_core.o(i.USBD_SetupStage)
    i.USBD_StdDevReq                         0x08001fc0   Section        0  usbd_req.o(i.USBD_StdDevReq)
    i.USBD_StdEPReq                          0x08002034   Section        0  usbd_req.o(i.USBD_StdEPReq)
    i.USBD_StdItfReq                         0x080021ac   Section        0  usbd_req.o(i.USBD_StdItfReq)
    i.USBD_Suspend                           0x080021f8   Section        0  usbd_core.o(i.USBD_Suspend)
    USBD_Suspend                             0x080021f9   Thumb Code    32  usbd_core.o(i.USBD_Suspend)
    i.USBD_USR_ConfigStrDescriptor           0x08002218   Section        0  usbd_desc.o(i.USBD_USR_ConfigStrDescriptor)
    i.USBD_USR_DeviceConfigured              0x0800224c   Section        0  usbd_usr.o(i.USBD_USR_DeviceConfigured)
    i.USBD_USR_DeviceConnected               0x0800224e   Section        0  usbd_usr.o(i.USBD_USR_DeviceConnected)
    i.USBD_USR_DeviceDescriptor              0x08002250   Section        0  usbd_desc.o(i.USBD_USR_DeviceDescriptor)
    i.USBD_USR_DeviceDisconnected            0x08002260   Section        0  usbd_usr.o(i.USBD_USR_DeviceDisconnected)
    i.USBD_USR_DeviceReset                   0x08002262   Section        0  usbd_usr.o(i.USBD_USR_DeviceReset)
    i.USBD_USR_DeviceResumed                 0x08002274   Section        0  usbd_usr.o(i.USBD_USR_DeviceResumed)
    i.USBD_USR_DeviceSuspended               0x08002276   Section        0  usbd_usr.o(i.USBD_USR_DeviceSuspended)
    i.USBD_USR_Init                          0x08002278   Section        0  usbd_usr.o(i.USBD_USR_Init)
    i.USBD_USR_InterfaceStrDescriptor        0x0800227c   Section        0  usbd_desc.o(i.USBD_USR_InterfaceStrDescriptor)
    i.USBD_USR_LangIDStrDescriptor           0x080022b4   Section        0  usbd_desc.o(i.USBD_USR_LangIDStrDescriptor)
    i.USBD_USR_ManufacturerStrDescriptor     0x080022c4   Section        0  usbd_desc.o(i.USBD_USR_ManufacturerStrDescriptor)
    i.USBD_USR_ProductStrDescriptor          0x080022f0   Section        0  usbd_desc.o(i.USBD_USR_ProductStrDescriptor)
    i.USBD_USR_SerialStrDescriptor           0x08002360   Section        0  usbd_desc.o(i.USBD_USR_SerialStrDescriptor)
    i.USBD_cdc_GetCfgDesc                    0x08002378   Section        0  usbd_cdc_core.o(i.USBD_cdc_GetCfgDesc)
    USBD_cdc_GetCfgDesc                      0x08002379   Thumb Code    10  usbd_cdc_core.o(i.USBD_cdc_GetCfgDesc)
    i.USB_OTG_BSP_EnableInterrupt            0x08002388   Section        0  usb_bsp.o(i.USB_OTG_BSP_EnableInterrupt)
    i.USB_OTG_BSP_Init                       0x080023ac   Section        0  usb_bsp.o(i.USB_OTG_BSP_Init)
    i.USB_OTG_BSP_mDelay                     0x08002460   Section        0  usb_bsp.o(i.USB_OTG_BSP_mDelay)
    i.USB_OTG_BSP_uDelay                     0x08002472   Section        0  usb_bsp.o(i.USB_OTG_BSP_uDelay)
    i.USB_OTG_CoreInit                       0x08002490   Section        0  usb_core.o(i.USB_OTG_CoreInit)
    i.USB_OTG_CoreInitDev                    0x080025aa   Section        0  usb_core.o(i.USB_OTG_CoreInitDev)
    i.USB_OTG_CoreReset                      0x080027b8   Section        0  usb_core.o(i.USB_OTG_CoreReset)
    USB_OTG_CoreReset                        0x080027b9   Thumb Code   108  usb_core.o(i.USB_OTG_CoreReset)
    i.USB_OTG_DisableGlobalInt               0x08002828   Section        0  usb_core.o(i.USB_OTG_DisableGlobalInt)
    i.USB_OTG_EP0Activate                    0x0800284a   Section        0  usb_core.o(i.USB_OTG_EP0Activate)
    i.USB_OTG_EP0StartXfer                   0x080028be   Section        0  usb_core.o(i.USB_OTG_EP0StartXfer)
    i.USB_OTG_EP0_OutStart                   0x08002a14   Section        0  usb_core.o(i.USB_OTG_EP0_OutStart)
    i.USB_OTG_EPActivate                     0x08002a76   Section        0  usb_core.o(i.USB_OTG_EPActivate)
    i.USB_OTG_EPClearStall                   0x08002b0e   Section        0  usb_core.o(i.USB_OTG_EPClearStall)
    i.USB_OTG_EPDeactivate                   0x08002b5e   Section        0  usb_core.o(i.USB_OTG_EPDeactivate)
    i.USB_OTG_EPSetStall                     0x08002bbc   Section        0  usb_core.o(i.USB_OTG_EPSetStall)
    i.USB_OTG_EPStartXfer                    0x08002c20   Section        0  usb_core.o(i.USB_OTG_EPStartXfer)
    i.USB_OTG_EnableCommonInt                0x08002e1e   Section        0  usb_core.o(i.USB_OTG_EnableCommonInt)
    USB_OTG_EnableCommonInt                  0x08002e1f   Thumb Code    52  usb_core.o(i.USB_OTG_EnableCommonInt)
    i.USB_OTG_EnableDevInt                   0x08002e52   Section        0  usb_core.o(i.USB_OTG_EnableDevInt)
    i.USB_OTG_EnableGlobalInt                0x08002f02   Section        0  usb_core.o(i.USB_OTG_EnableGlobalInt)
    i.USB_OTG_FlushRxFifo                    0x08002f24   Section        0  usb_core.o(i.USB_OTG_FlushRxFifo)
    i.USB_OTG_FlushTxFifo                    0x08002f70   Section        0  usb_core.o(i.USB_OTG_FlushTxFifo)
    i.USB_OTG_GetDeviceSpeed                 0x08002fc4   Section        0  usb_core.o(i.USB_OTG_GetDeviceSpeed)
    i.USB_OTG_GetMode                        0x08002ffc   Section        0  usb_core.o(i.USB_OTG_GetMode)
    i.USB_OTG_InitDevSpeed                   0x08003008   Section        0  usb_core.o(i.USB_OTG_InitDevSpeed)
    i.USB_OTG_IsDeviceMode                   0x08003020   Section        0  usb_core.o(i.USB_OTG_IsDeviceMode)
    i.USB_OTG_ReadCoreItr                    0x08003036   Section        0  usb_core.o(i.USB_OTG_ReadCoreItr)
    i.USB_OTG_ReadDevAllInEPItr              0x08003046   Section        0  usb_core.o(i.USB_OTG_ReadDevAllInEPItr)
    i.USB_OTG_ReadDevAllOutEp_itr            0x08003056   Section        0  usb_core.o(i.USB_OTG_ReadDevAllOutEp_itr)
    i.USB_OTG_ReadDevOutEP_itr               0x08003066   Section        0  usb_core.o(i.USB_OTG_ReadDevOutEP_itr)
    i.USB_OTG_ReadPacket                     0x0800307a   Section        0  usb_core.o(i.USB_OTG_ReadPacket)
    i.USB_OTG_SelectCore                     0x080030a4   Section        0  usb_core.o(i.USB_OTG_SelectCore)
    i.USB_OTG_SetCurrentMode                 0x08003174   Section        0  usb_core.o(i.USB_OTG_SetCurrentMode)
    i.USB_OTG_WritePacket                    0x080031c2   Section        0  usb_core.o(i.USB_OTG_WritePacket)
    i.UsageFault_Handler                     0x08003202   Section        0  stm32f4xx_it.o(i.UsageFault_Handler)
    i.VCP_COMConfig                          0x08003208   Section        0  usbd_cdc_vcp.o(i.VCP_COMConfig)
    VCP_COMConfig                            0x08003209   Thumb Code   250  usbd_cdc_vcp.o(i.VCP_COMConfig)
    i.VCP_Ctrl                               0x08003314   Section        0  usbd_cdc_vcp.o(i.VCP_Ctrl)
    VCP_Ctrl                                 0x08003315   Thumb Code   164  usbd_cdc_vcp.o(i.VCP_Ctrl)
    i.VCP_DataRx                             0x080033bc   Section        0  usbd_cdc_vcp.o(i.VCP_DataRx)
    VCP_DataRx                               0x080033bd   Thumb Code    28  usbd_cdc_vcp.o(i.VCP_DataRx)
    i.VCP_DataTx                             0x080033e0   Section        0  usbd_cdc_vcp.o(i.VCP_DataTx)
    VCP_DataTx                               0x080033e1   Thumb Code    62  usbd_cdc_vcp.o(i.VCP_DataTx)
    i.VCP_DeInit                             0x0800342c   Section        0  usbd_cdc_vcp.o(i.VCP_DeInit)
    VCP_DeInit                               0x0800342d   Thumb Code     4  usbd_cdc_vcp.o(i.VCP_DeInit)
    i.VCP_Init                               0x08003430   Section        0  usbd_cdc_vcp.o(i.VCP_Init)
    VCP_Init                                 0x08003431   Thumb Code     4  usbd_cdc_vcp.o(i.VCP_Init)
    i.main                                   0x08003434   Section        0  main.o(i.main)
    i.usbd_cdc_DataIn                        0x0800348c   Section        0  usbd_cdc_core.o(i.usbd_cdc_DataIn)
    i.usbd_cdc_DataOut                       0x080036fc   Section        0  usbd_cdc_core.o(i.usbd_cdc_DataOut)
    i.usbd_cdc_DeInit                        0x08003734   Section        0  usbd_cdc_core.o(i.usbd_cdc_DeInit)
    i.usbd_cdc_EP0_RxReady                   0x08003760   Section        0  usbd_cdc_core.o(i.usbd_cdc_EP0_RxReady)
    i.usbd_cdc_Init                          0x08003798   Section        0  usbd_cdc_core.o(i.usbd_cdc_Init)
    i.usbd_cdc_SOF                           0x080037f0   Section        0  usbd_cdc_core.o(i.usbd_cdc_SOF)
    i.usbd_cdc_Setup                         0x08003818   Section        0  usbd_cdc_core.o(i.usbd_cdc_Setup)
    x$fpl$fpinit                             0x080038dc   Section       10  fpinit.o(x$fpl$fpinit)
    $v0                                      0x080038dc   Number         0  fpinit.o(x$fpl$fpinit)
    .data                                    0x20000000   Section       16  stm32f4xx_rcc.o(.data)
    APBAHBPrescTable                         0x20000000   Data          16  stm32f4xx_rcc.o(.data)
    .data                                    0x20000010   Section       52  usbd_core.o(.data)
    .data                                    0x20000044   Section       13  usbd_req.o(.data)
    cfgidx                                   0x20000050   Data           1  usbd_req.o(.data)
    .data                                    0x20000054   Section      156  usbd_cdc_core.o(.data)
    usbd_cdc_AltSet                          0x20000054   Data           4  usbd_cdc_core.o(.data)
    cdcCmd                                   0x20000070   Data           4  usbd_cdc_core.o(.data)
    cdcLen                                   0x20000074   Data           4  usbd_cdc_core.o(.data)
    flag                                     0x20000078   Data           1  usbd_cdc_core.o(.data)
    FrameCount                               0x200000ec   Data           4  usbd_cdc_core.o(.data)
    .data                                    0x200000f0   Section       32  usbd_cdc_vcp.o(.data)
    .data                                    0x20000110   Section       86  usbd_desc.o(.data)
    .data                                    0x20000168   Section       28  usbd_usr.o(.data)
    .bss                                     0x20000184   Section     1524  main.o(.bss)
    .bss                                     0x20000778   Section     2243  usbd_cdc_core.o(.bss)
    TxBufTemp                                0x20000ffb   Data          64  usbd_cdc_core.o(.bss)
    .bss                                     0x2000103c   Section     2064  usbd_cdc_vcp.o(.bss)
    .bss                                     0x2000184c   Section      255  usbd_desc.o(.bss)
    .bss                                     0x2000194c   Section       96  libspace.o(.bss)
    HEAP                                     0x200019b0   Section      512  startup_stm32f40_41xxx.o(HEAP)
    Heap_Mem                                 0x200019b0   Data         512  startup_stm32f40_41xxx.o(HEAP)
    STACK                                    0x20001bb0   Section     1024  startup_stm32f40_41xxx.o(STACK)
    Stack_Mem                                0x20001bb0   Data        1024  startup_stm32f40_41xxx.o(STACK)
    __initial_sp                             0x20001fb0   Data           0  startup_stm32f40_41xxx.o(STACK)

    Global Symbols

    Symbol Name                              Value     Ov Type        Size  Object(Section)

    BuildAttributes$$THM_ISAv4$E$P$D$K$B$S$7EM$VFPi3$EXTD16$VFPS$VFMA$PE$A:L22UL41UL21$X:L11$S22US41US21$IEEE1$IW$USESV6$~STKCKD$USESV7$~SHL$OSPACE$ROPI$EBA8$UX$STANDARDLIB$REQ8$PRES8$EABIv2 0x00000000   Number         0  anon$$obj.o ABSOLUTE
    __ARM_use_no_argv                        0x00000000   Number         0  main.o ABSOLUTE
    __ARM_exceptions_init                     - Undefined Weak Reference
    __alloca_initialize                       - Undefined Weak Reference
    __arm_preinit_                            - Undefined Weak Reference
    __cpp_initialize__aeabi_                  - Undefined Weak Reference
    __cxa_finalize                            - Undefined Weak Reference
    __rt_locale                               - Undefined Weak Reference
    __sigvec_lookup                           - Undefined Weak Reference
    _atexit_init                              - Undefined Weak Reference
    _call_atexit_fns                          - Undefined Weak Reference
    _clock_init                               - Undefined Weak Reference
    _fp_trap_init                             - Undefined Weak Reference
    _fp_trap_shutdown                         - Undefined Weak Reference
    _get_lc_collate                           - Undefined Weak Reference
    _get_lc_ctype                             - Undefined Weak Reference
    _get_lc_monetary                          - Undefined Weak Reference
    _get_lc_numeric                           - Undefined Weak Reference
    _get_lc_time                              - Undefined Weak Reference
    _getenv_init                              - Undefined Weak Reference
    _handle_redirection                       - Undefined Weak Reference
    _init_alloc                               - Undefined Weak Reference
    _init_user_alloc                          - Undefined Weak Reference
    _initio                                   - Undefined Weak Reference
    _rand_init                                - Undefined Weak Reference
    _signal_finish                            - Undefined Weak Reference
    _signal_init                              - Undefined Weak Reference
    _terminate_alloc                          - Undefined Weak Reference
    _terminate_user_alloc                     - Undefined Weak Reference
    _terminateio                              - Undefined Weak Reference
    __Vectors_Size                           0x00000188   Number         0  startup_stm32f40_41xxx.o ABSOLUTE
    __Vectors                                0x08000000   Data           4  startup_stm32f40_41xxx.o(RESET)
    __Vectors_End                            0x08000188   Data           0  startup_stm32f40_41xxx.o(RESET)
    __main                                   0x08000189   Thumb Code     8  __main.o(!!!main)
    __scatterload                            0x08000191   Thumb Code     0  __scatter.o(!!!scatter)
    __scatterload_rt2                        0x08000191   Thumb Code    44  __scatter.o(!!!scatter)
    __scatterload_rt2_thumb_only             0x08000191   Thumb Code     0  __scatter.o(!!!scatter)
    __scatterload_null                       0x0800019f   Thumb Code     0  __scatter.o(!!!scatter)
    __decompress                             0x080001c5   Thumb Code    90  __dczerorl2.o(!!dczerorl2)
    __decompress1                            0x080001c5   Thumb Code     0  __dczerorl2.o(!!dczerorl2)
    __scatterload_zeroinit                   0x08000221   Thumb Code    28  __scatter_zi.o(!!handler_zi)
    __rt_lib_init                            0x0800023d   Thumb Code     0  libinit.o(.ARM.Collect$$libinit$$00000000)
    __rt_lib_init_fp_1                       0x0800023f   Thumb Code     0  libinit2.o(.ARM.Collect$$libinit$$00000001)
    __rt_lib_init_alloca_1                   0x08000243   Thumb Code     0  libinit2.o(.ARM.Collect$$libinit$$0000002E)
    __rt_lib_init_argv_1                     0x08000243   Thumb Code     0  libinit2.o(.ARM.Collect$$libinit$$0000002C)
    __rt_lib_init_atexit_1                   0x08000243   Thumb Code     0  libinit2.o(.ARM.Collect$$libinit$$0000001B)
    __rt_lib_init_clock_1                    0x08000243   Thumb Code     0  libinit2.o(.ARM.Collect$$libinit$$00000021)
    __rt_lib_init_cpp_1                      0x08000243   Thumb Code     0  libinit2.o(.ARM.Collect$$libinit$$00000032)
    __rt_lib_init_exceptions_1               0x08000243   Thumb Code     0  libinit2.o(.ARM.Collect$$libinit$$00000030)
    __rt_lib_init_fp_trap_1                  0x08000243   Thumb Code     0  libinit2.o(.ARM.Collect$$libinit$$0000001F)
    __rt_lib_init_getenv_1                   0x08000243   Thumb Code     0  libinit2.o(.ARM.Collect$$libinit$$00000023)
    __rt_lib_init_heap_1                     0x08000243   Thumb Code     0  libinit2.o(.ARM.Collect$$libinit$$0000000A)
    __rt_lib_init_lc_collate_1               0x08000243   Thumb Code     0  libinit2.o(.ARM.Collect$$libinit$$00000011)
    __rt_lib_init_lc_ctype_1                 0x08000243   Thumb Code     0  libinit2.o(.ARM.Collect$$libinit$$00000013)
    __rt_lib_init_lc_monetary_1              0x08000243   Thumb Code     0  libinit2.o(.ARM.Collect$$libinit$$00000015)
    __rt_lib_init_lc_numeric_1               0x08000243   Thumb Code     0  libinit2.o(.ARM.Collect$$libinit$$00000017)
    __rt_lib_init_lc_time_1                  0x08000243   Thumb Code     0  libinit2.o(.ARM.Collect$$libinit$$00000019)
    __rt_lib_init_preinit_1                  0x08000243   Thumb Code     0  libinit2.o(.ARM.Collect$$libinit$$00000004)
    __rt_lib_init_rand_1                     0x08000243   Thumb Code     0  libinit2.o(.ARM.Collect$$libinit$$0000000E)
    __rt_lib_init_return                     0x08000243   Thumb Code     0  libinit2.o(.ARM.Collect$$libinit$$00000033)
    __rt_lib_init_signal_1                   0x08000243   Thumb Code     0  libinit2.o(.ARM.Collect$$libinit$$0000001D)
    __rt_lib_init_stdio_1                    0x08000243   Thumb Code     0  libinit2.o(.ARM.Collect$$libinit$$00000025)
    __rt_lib_init_user_alloc_1               0x08000243   Thumb Code     0  libinit2.o(.ARM.Collect$$libinit$$0000000C)
    __rt_lib_shutdown                        0x08000245   Thumb Code     0  libshutdown.o(.ARM.Collect$$libshutdown$$00000000)
    __rt_lib_shutdown_cpp_1                  0x08000247   Thumb Code     0  libshutdown2.o(.ARM.Collect$$libshutdown$$00000002)
    __rt_lib_shutdown_fp_trap_1              0x08000247   Thumb Code     0  libshutdown2.o(.ARM.Collect$$libshutdown$$00000007)
    __rt_lib_shutdown_heap_1                 0x08000247   Thumb Code     0  libshutdown2.o(.ARM.Collect$$libshutdown$$0000000F)
    __rt_lib_shutdown_return                 0x08000247   Thumb Code     0  libshutdown2.o(.ARM.Collect$$libshutdown$$00000010)
    __rt_lib_shutdown_signal_1               0x08000247   Thumb Code     0  libshutdown2.o(.ARM.Collect$$libshutdown$$0000000A)
    __rt_lib_shutdown_stdio_1                0x08000247   Thumb Code     0  libshutdown2.o(.ARM.Collect$$libshutdown$$00000004)
    __rt_lib_shutdown_user_alloc_1           0x08000247   Thumb Code     0  libshutdown2.o(.ARM.Collect$$libshutdown$$0000000C)
    __rt_entry                               0x08000249   Thumb Code     0  __rtentry.o(.ARM.Collect$$rtentry$$00000000)
    __rt_entry_presh_1                       0x08000249   Thumb Code     0  __rtentry2.o(.ARM.Collect$$rtentry$$00000002)
    __rt_entry_sh                            0x08000249   Thumb Code     0  __rtentry4.o(.ARM.Collect$$rtentry$$00000004)
    __rt_entry_li                            0x0800024f   Thumb Code     0  __rtentry2.o(.ARM.Collect$$rtentry$$0000000A)
    __rt_entry_postsh_1                      0x0800024f   Thumb Code     0  __rtentry2.o(.ARM.Collect$$rtentry$$00000009)
    __rt_entry_main                          0x08000253   Thumb Code     0  __rtentry2.o(.ARM.Collect$$rtentry$$0000000D)
    __rt_entry_postli_1                      0x08000253   Thumb Code     0  __rtentry2.o(.ARM.Collect$$rtentry$$0000000C)
    __rt_exit                                0x0800025b   Thumb Code     0  rtexit.o(.ARM.Collect$$rtexit$$00000000)
    __rt_exit_ls                             0x0800025d   Thumb Code     0  rtexit2.o(.ARM.Collect$$rtexit$$00000003)
    __rt_exit_prels_1                        0x0800025d   Thumb Code     0  rtexit2.o(.ARM.Collect$$rtexit$$00000002)
    __rt_exit_exit                           0x08000261   Thumb Code     0  rtexit2.o(.ARM.Collect$$rtexit$$00000004)
    Reset_Handler                            0x08000269   Thumb Code     8  startup_stm32f40_41xxx.o(.text)
    ADC_IRQHandler                           0x08000283   Thumb Code     0  startup_stm32f40_41xxx.o(.text)
    CAN1_RX0_IRQHandler                      0x08000283   Thumb Code     0  startup_stm32f40_41xxx.o(.text)
    CAN1_RX1_IRQHandler                      0x08000283   Thumb Code     0  startup_stm32f40_41xxx.o(.text)
    CAN1_SCE_IRQHandler                      0x08000283   Thumb Code     0  startup_stm32f40_41xxx.o(.text)
    CAN1_TX_IRQHandler                       0x08000283   Thumb Code     0  startup_stm32f40_41xxx.o(.text)
    CAN2_RX0_IRQHandler                      0x08000283   Thumb Code     0  startup_stm32f40_41xxx.o(.text)
    CAN2_RX1_IRQHandler                      0x08000283   Thumb Code     0  startup_stm32f40_41xxx.o(.text)
    CAN2_SCE_IRQHandler                      0x08000283   Thumb Code     0  startup_stm32f40_41xxx.o(.text)
    CAN2_TX_IRQHandler                       0x08000283   Thumb Code     0  startup_stm32f40_41xxx.o(.text)
    CRYP_IRQHandler                          0x08000283   Thumb Code     0  startup_stm32f40_41xxx.o(.text)
    DCMI_IRQHandler                          0x08000283   Thumb Code     0  startup_stm32f40_41xxx.o(.text)
    DMA1_Stream0_IRQHandler                  0x08000283   Thumb Code     0  startup_stm32f40_41xxx.o(.text)
    DMA1_Stream1_IRQHandler                  0x08000283   Thumb Code     0  startup_stm32f40_41xxx.o(.text)
    DMA1_Stream2_IRQHandler                  0x08000283   Thumb Code     0  startup_stm32f40_41xxx.o(.text)
    DMA1_Stream3_IRQHandler                  0x08000283   Thumb Code     0  startup_stm32f40_41xxx.o(.text)
    DMA1_Stream4_IRQHandler                  0x08000283   Thumb Code     0  startup_stm32f40_41xxx.o(.text)
    DMA1_Stream5_IRQHandler                  0x08000283   Thumb Code     0  startup_stm32f40_41xxx.o(.text)
    DMA1_Stream6_IRQHandler                  0x08000283   Thumb Code     0  startup_stm32f40_41xxx.o(.text)
    DMA1_Stream7_IRQHandler                  0x08000283   Thumb Code     0  startup_stm32f40_41xxx.o(.text)
    DMA2_Stream0_IRQHandler                  0x08000283   Thumb Code     0  startup_stm32f40_41xxx.o(.text)
    DMA2_Stream1_IRQHandler                  0x08000283   Thumb Code     0  startup_stm32f40_41xxx.o(.text)
    DMA2_Stream2_IRQHandler                  0x08000283   Thumb Code     0  startup_stm32f40_41xxx.o(.text)
    DMA2_Stream3_IRQHandler                  0x08000283   Thumb Code     0  startup_stm32f40_41xxx.o(.text)
    DMA2_Stream4_IRQHandler                  0x08000283   Thumb Code     0  startup_stm32f40_41xxx.o(.text)
    DMA2_Stream5_IRQHandler                  0x08000283   Thumb Code     0  startup_stm32f40_41xxx.o(.text)
    DMA2_Stream6_IRQHandler                  0x08000283   Thumb Code     0  startup_stm32f40_41xxx.o(.text)
    DMA2_Stream7_IRQHandler                  0x08000283   Thumb Code     0  startup_stm32f40_41xxx.o(.text)
    ETH_IRQHandler                           0x08000283   Thumb Code     0  startup_stm32f40_41xxx.o(.text)
    ETH_WKUP_IRQHandler                      0x08000283   Thumb Code     0  startup_stm32f40_41xxx.o(.text)
    EXTI0_IRQHandler                         0x08000283   Thumb Code     0  startup_stm32f40_41xxx.o(.text)
    EXTI15_10_IRQHandler                     0x08000283   Thumb Code     0  startup_stm32f40_41xxx.o(.text)
    EXTI1_IRQHandler                         0x08000283   Thumb Code     0  startup_stm32f40_41xxx.o(.text)
    EXTI2_IRQHandler                         0x08000283   Thumb Code     0  startup_stm32f40_41xxx.o(.text)
    EXTI3_IRQHandler                         0x08000283   Thumb Code     0  startup_stm32f40_41xxx.o(.text)
    EXTI4_IRQHandler                         0x08000283   Thumb Code     0  startup_stm32f40_41xxx.o(.text)
    EXTI9_5_IRQHandler                       0x08000283   Thumb Code     0  startup_stm32f40_41xxx.o(.text)
    FLASH_IRQHandler                         0x08000283   Thumb Code     0  startup_stm32f40_41xxx.o(.text)
    FPU_IRQHandler                           0x08000283   Thumb Code     0  startup_stm32f40_41xxx.o(.text)
    FSMC_IRQHandler                          0x08000283   Thumb Code     0  startup_stm32f40_41xxx.o(.text)
    HASH_RNG_IRQHandler                      0x08000283   Thumb Code     0  startup_stm32f40_41xxx.o(.text)
    I2C1_ER_IRQHandler                       0x08000283   Thumb Code     0  startup_stm32f40_41xxx.o(.text)
    I2C1_EV_IRQHandler                       0x08000283   Thumb Code     0  startup_stm32f40_41xxx.o(.text)
    I2C2_ER_IRQHandler                       0x08000283   Thumb Code     0  startup_stm32f40_41xxx.o(.text)
    I2C2_EV_IRQHandler                       0x08000283   Thumb Code     0  startup_stm32f40_41xxx.o(.text)
    I2C3_ER_IRQHandler                       0x08000283   Thumb Code     0  startup_stm32f40_41xxx.o(.text)
    I2C3_EV_IRQHandler                       0x08000283   Thumb Code     0  startup_stm32f40_41xxx.o(.text)
    OTG_FS_WKUP_IRQHandler                   0x08000283   Thumb Code     0  startup_stm32f40_41xxx.o(.text)
    OTG_HS_EP1_IN_IRQHandler                 0x08000283   Thumb Code     0  startup_stm32f40_41xxx.o(.text)
    OTG_HS_EP1_OUT_IRQHandler                0x08000283   Thumb Code     0  startup_stm32f40_41xxx.o(.text)
    OTG_HS_IRQHandler                        0x08000283   Thumb Code     0  startup_stm32f40_41xxx.o(.text)
    OTG_HS_WKUP_IRQHandler                   0x08000283   Thumb Code     0  startup_stm32f40_41xxx.o(.text)
    PVD_IRQHandler                           0x08000283   Thumb Code     0  startup_stm32f40_41xxx.o(.text)
    RCC_IRQHandler                           0x08000283   Thumb Code     0  startup_stm32f40_41xxx.o(.text)
    RTC_Alarm_IRQHandler                     0x08000283   Thumb Code     0  startup_stm32f40_41xxx.o(.text)
    RTC_WKUP_IRQHandler                      0x08000283   Thumb Code     0  startup_stm32f40_41xxx.o(.text)
    SDIO_IRQHandler                          0x08000283   Thumb Code     0  startup_stm32f40_41xxx.o(.text)
    SPI1_IRQHandler                          0x08000283   Thumb Code     0  startup_stm32f40_41xxx.o(.text)
    SPI2_IRQHandler                          0x08000283   Thumb Code     0  startup_stm32f40_41xxx.o(.text)
    SPI3_IRQHandler                          0x08000283   Thumb Code     0  startup_stm32f40_41xxx.o(.text)
    TAMP_STAMP_IRQHandler                    0x08000283   Thumb Code     0  startup_stm32f40_41xxx.o(.text)
    TIM1_BRK_TIM9_IRQHandler                 0x08000283   Thumb Code     0  startup_stm32f40_41xxx.o(.text)
    TIM1_CC_IRQHandler                       0x08000283   Thumb Code     0  startup_stm32f40_41xxx.o(.text)
    TIM1_TRG_COM_TIM11_IRQHandler            0x08000283   Thumb Code     0  startup_stm32f40_41xxx.o(.text)
    TIM1_UP_TIM10_IRQHandler                 0x08000283   Thumb Code     0  startup_stm32f40_41xxx.o(.text)
    TIM2_IRQHandler                          0x08000283   Thumb Code     0  startup_stm32f40_41xxx.o(.text)
    TIM3_IRQHandler                          0x08000283   Thumb Code     0  startup_stm32f40_41xxx.o(.text)
    TIM4_IRQHandler                          0x08000283   Thumb Code     0  startup_stm32f40_41xxx.o(.text)
    TIM5_IRQHandler                          0x08000283   Thumb Code     0  startup_stm32f40_41xxx.o(.text)
    TIM6_DAC_IRQHandler                      0x08000283   Thumb Code     0  startup_stm32f40_41xxx.o(.text)
    TIM7_IRQHandler                          0x08000283   Thumb Code     0  startup_stm32f40_41xxx.o(.text)
    TIM8_BRK_TIM12_IRQHandler                0x08000283   Thumb Code     0  startup_stm32f40_41xxx.o(.text)
    TIM8_CC_IRQHandler                       0x08000283   Thumb Code     0  startup_stm32f40_41xxx.o(.text)
    TIM8_TRG_COM_TIM14_IRQHandler            0x08000283   Thumb Code     0  startup_stm32f40_41xxx.o(.text)
    TIM8_UP_TIM13_IRQHandler                 0x08000283   Thumb Code     0  startup_stm32f40_41xxx.o(.text)
    UART4_IRQHandler                         0x08000283   Thumb Code     0  startup_stm32f40_41xxx.o(.text)
    UART5_IRQHandler                         0x08000283   Thumb Code     0  startup_stm32f40_41xxx.o(.text)
    USART1_IRQHandler                        0x08000283   Thumb Code     0  startup_stm32f40_41xxx.o(.text)
    USART2_IRQHandler                        0x08000283   Thumb Code     0  startup_stm32f40_41xxx.o(.text)
    USART3_IRQHandler                        0x08000283   Thumb Code     0  startup_stm32f40_41xxx.o(.text)
    USART6_IRQHandler                        0x08000283   Thumb Code     0  startup_stm32f40_41xxx.o(.text)
    WWDG_IRQHandler                          0x08000283   Thumb Code     0  startup_stm32f40_41xxx.o(.text)
    __user_initial_stackheap                 0x08000285   Thumb Code     0  startup_stm32f40_41xxx.o(.text)
    __use_two_region_memory                  0x080002a9   Thumb Code     2  heapauxi.o(.text)
    __rt_heap_escrow$2region                 0x080002ab   Thumb Code     2  heapauxi.o(.text)
    __rt_heap_expand$2region                 0x080002ad   Thumb Code     2  heapauxi.o(.text)
    __user_setup_stackheap                   0x080002af   Thumb Code    74  sys_stackheap_outer.o(.text)
    exit                                     0x080002f9   Thumb Code    18  exit.o(.text)
    __user_libspace                          0x0800030d   Thumb Code     8  libspace.o(.text)
    __user_perproc_libspace                  0x0800030d   Thumb Code     0  libspace.o(.text)
    __user_perthread_libspace                0x0800030d   Thumb Code     0  libspace.o(.text)
    _sys_exit                                0x08000315   Thumb Code     8  sys_exit.o(.text)
    __I$use$semihosting                      0x08000321   Thumb Code     0  use_no_semi.o(.text)
    __use_no_semihosting_swi                 0x08000321   Thumb Code     2  use_no_semi.o(.text)
    BusFault_Handler                         0x08000323   Thumb Code     4  stm32f4xx_it.o(i.BusFault_Handler)
    __semihosting_library_function           0x08000323   Thumb Code     0  indicate_semi.o(.text)
    DCD_EP_Close                             0x08000327   Thumb Code    74  usb_dcd.o(i.DCD_EP_Close)
    DCD_EP_ClrStall                          0x08000371   Thumb Code    72  usb_dcd.o(i.DCD_EP_ClrStall)
    DCD_EP_Open                              0x080003b9   Thumb Code   104  usb_dcd.o(i.DCD_EP_Open)
    DCD_EP_PrepareRx                         0x08000421   Thumb Code    82  usb_dcd.o(i.DCD_EP_PrepareRx)
    DCD_EP_SetAddress                        0x08000473   Thumb Code    28  usb_dcd.o(i.DCD_EP_SetAddress)
    DCD_EP_Stall                             0x0800048f   Thumb Code    72  usb_dcd.o(i.DCD_EP_Stall)
    DCD_EP_Tx                                0x080004d7   Thumb Code    78  usb_dcd.o(i.DCD_EP_Tx)
    DCD_Init                                 0x08000bd9   Thumb Code   156  usb_dcd.o(i.DCD_Init)
    DebugMon_Handler                         0x08000df9   Thumb Code     2  stm32f4xx_it.o(i.DebugMon_Handler)
    GPIO_Init                                0x08000dfb   Thumb Code   144  stm32f4xx_gpio.o(i.GPIO_Init)
    GPIO_PinAFConfig                         0x08000e8b   Thumb Code    70  stm32f4xx_gpio.o(i.GPIO_PinAFConfig)
    HardFault_Handler                        0x08001175   Thumb Code     4  stm32f4xx_it.o(i.HardFault_Handler)
    MemManage_Handler                        0x080011b7   Thumb Code     4  stm32f4xx_it.o(i.MemManage_Handler)
    NMI_Handler                              0x080011bb   Thumb Code     2  stm32f4xx_it.o(i.NMI_Handler)
    NVIC_Init                                0x080011bd   Thumb Code   106  misc.o(i.NVIC_Init)
    OTG_FS_IRQHandler                        0x08001235   Thumb Code    10  stm32f4xx_it.o(i.OTG_FS_IRQHandler)
    PendSV_Handler                           0x08001245   Thumb Code     2  stm32f4xx_it.o(i.PendSV_Handler)
    RCC_AHB1PeriphClockCmd                   0x08001249   Thumb Code    26  stm32f4xx_rcc.o(i.RCC_AHB1PeriphClockCmd)
    RCC_AHB2PeriphClockCmd                   0x08001269   Thumb Code    26  stm32f4xx_rcc.o(i.RCC_AHB2PeriphClockCmd)
    RCC_APB2PeriphClockCmd                   0x08001289   Thumb Code    26  stm32f4xx_rcc.o(i.RCC_APB2PeriphClockCmd)
    RCC_GetClocksFreq                        0x080012a9   Thumb Code   214  stm32f4xx_rcc.o(i.RCC_GetClocksFreq)
    SVC_Handler                              0x08001391   Thumb Code     2  stm32f4xx_it.o(i.SVC_Handler)
    SysTick_Handler                          0x08001481   Thumb Code     2  stm32f4xx_it.o(i.SysTick_Handler)
    SystemInit                               0x08001485   Thumb Code    88  system_stm32f4xx.o(i.SystemInit)
    USART_ITConfig                           0x080014ed   Thumb Code    74  stm32f4xx_usart.o(i.USART_ITConfig)
    USART_Init                               0x08001539   Thumb Code   204  stm32f4xx_usart.o(i.USART_Init)
    USBD_ClrCfg                              0x0800160d   Thumb Code    22  usbd_core.o(i.USBD_ClrCfg)
    USBD_CtlContinueRx                       0x0800166b   Thumb Code    30  usbd_ioreq.o(i.USBD_CtlContinueRx)
    USBD_CtlContinueSendData                 0x08001689   Thumb Code    30  usbd_ioreq.o(i.USBD_CtlContinueSendData)
    USBD_CtlError                            0x080016a7   Thumb Code    30  usbd_req.o(i.USBD_CtlError)
    USBD_CtlPrepareRx                        0x080016c5   Thumb Code    46  usbd_ioreq.o(i.USBD_CtlPrepareRx)
    USBD_CtlReceiveStatus                    0x080016f3   Thumb Code    36  usbd_ioreq.o(i.USBD_CtlReceiveStatus)
    USBD_CtlSendData                         0x08001717   Thumb Code    46  usbd_ioreq.o(i.USBD_CtlSendData)
    USBD_CtlSendStatus                       0x08001745   Thumb Code    36  usbd_ioreq.o(i.USBD_CtlSendStatus)
    USBD_DeInit                              0x080018e7   Thumb Code     6  usbd_core.o(i.USBD_DeInit)
    USBD_GetString                           0x08001af5   Thumb Code    82  usbd_req.o(i.USBD_GetString)
    USBD_Init                                0x08001b47   Thumb Code    66  usbd_core.o(i.USBD_Init)
    USBD_OTG_ISR_Handler                     0x08001bad   Thumb Code   256  usb_dcd_int.o(i.USBD_OTG_ISR_Handler)
    USBD_ParseSetupRequest                   0x08001cad   Thumb Code    72  usbd_req.o(i.USBD_ParseSetupRequest)
    USBD_SetCfg                              0x08001dcf   Thumb Code    30  usbd_core.o(i.USBD_SetCfg)
    USBD_StdDevReq                           0x08001fc1   Thumb Code   114  usbd_req.o(i.USBD_StdDevReq)
    USBD_StdEPReq                            0x08002035   Thumb Code   370  usbd_req.o(i.USBD_StdEPReq)
    USBD_StdItfReq                           0x080021ad   Thumb Code    76  usbd_req.o(i.USBD_StdItfReq)
    USBD_USR_ConfigStrDescriptor             0x08002219   Thumb Code    34  usbd_desc.o(i.USBD_USR_ConfigStrDescriptor)
    USBD_USR_DeviceConfigured                0x0800224d   Thumb Code     2  usbd_usr.o(i.USBD_USR_DeviceConfigured)
    USBD_USR_DeviceConnected                 0x0800224f   Thumb Code     2  usbd_usr.o(i.USBD_USR_DeviceConnected)
    USBD_USR_DeviceDescriptor                0x08002251   Thumb Code    10  usbd_desc.o(i.USBD_USR_DeviceDescriptor)
    USBD_USR_DeviceDisconnected              0x08002261   Thumb Code     2  usbd_usr.o(i.USBD_USR_DeviceDisconnected)
    USBD_USR_DeviceReset                     0x08002263   Thumb Code    18  usbd_usr.o(i.USBD_USR_DeviceReset)
    USBD_USR_DeviceResumed                   0x08002275   Thumb Code     2  usbd_usr.o(i.USBD_USR_DeviceResumed)
    USBD_USR_DeviceSuspended                 0x08002277   Thumb Code     2  usbd_usr.o(i.USBD_USR_DeviceSuspended)
    USBD_USR_Init                            0x08002279   Thumb Code     2  usbd_usr.o(i.USBD_USR_Init)
    USBD_USR_InterfaceStrDescriptor          0x0800227d   Thumb Code    34  usbd_desc.o(i.USBD_USR_InterfaceStrDescriptor)
    USBD_USR_LangIDStrDescriptor             0x080022b5   Thumb Code    10  usbd_desc.o(i.USBD_USR_LangIDStrDescriptor)
    USBD_USR_ManufacturerStrDescriptor       0x080022c5   Thumb Code    20  usbd_desc.o(i.USBD_USR_ManufacturerStrDescriptor)
    USBD_USR_ProductStrDescriptor            0x080022f1   Thumb Code    34  usbd_desc.o(i.USBD_USR_ProductStrDescriptor)
    USBD_USR_SerialStrDescriptor             0x08002361   Thumb Code    18  usbd_desc.o(i.USBD_USR_SerialStrDescriptor)
    USB_OTG_BSP_EnableInterrupt              0x08002389   Thumb Code    36  usb_bsp.o(i.USB_OTG_BSP_EnableInterrupt)
    USB_OTG_BSP_Init                         0x080023ad   Thumb Code   174  usb_bsp.o(i.USB_OTG_BSP_Init)
    USB_OTG_BSP_mDelay                       0x08002461   Thumb Code    18  usb_bsp.o(i.USB_OTG_BSP_mDelay)
    USB_OTG_BSP_uDelay                       0x08002473   Thumb Code    30  usb_bsp.o(i.USB_OTG_BSP_uDelay)
    USB_OTG_CoreInit                         0x08002491   Thumb Code   282  usb_core.o(i.USB_OTG_CoreInit)
    USB_OTG_CoreInitDev                      0x080025ab   Thumb Code   526  usb_core.o(i.USB_OTG_CoreInitDev)
    USB_OTG_DisableGlobalInt                 0x08002829   Thumb Code    34  usb_core.o(i.USB_OTG_DisableGlobalInt)
    USB_OTG_EP0Activate                      0x0800284b   Thumb Code   116  usb_core.o(i.USB_OTG_EP0Activate)
    USB_OTG_EP0StartXfer                     0x080028bf   Thumb Code   342  usb_core.o(i.USB_OTG_EP0StartXfer)
    USB_OTG_EP0_OutStart                     0x08002a15   Thumb Code    98  usb_core.o(i.USB_OTG_EP0_OutStart)
    USB_OTG_EPActivate                       0x08002a77   Thumb Code   152  usb_core.o(i.USB_OTG_EPActivate)
    USB_OTG_EPClearStall                     0x08002b0f   Thumb Code    80  usb_core.o(i.USB_OTG_EPClearStall)
    USB_OTG_EPDeactivate                     0x08002b5f   Thumb Code    94  usb_core.o(i.USB_OTG_EPDeactivate)
    USB_OTG_EPSetStall                       0x08002bbd   Thumb Code   100  usb_core.o(i.USB_OTG_EPSetStall)
    USB_OTG_EPStartXfer                      0x08002c21   Thumb Code   510  usb_core.o(i.USB_OTG_EPStartXfer)
    USB_OTG_EnableDevInt                     0x08002e53   Thumb Code   176  usb_core.o(i.USB_OTG_EnableDevInt)
    USB_OTG_EnableGlobalInt                  0x08002f03   Thumb Code    34  usb_core.o(i.USB_OTG_EnableGlobalInt)
    USB_OTG_FlushRxFifo                      0x08002f25   Thumb Code    70  usb_core.o(i.USB_OTG_FlushRxFifo)
    USB_OTG_FlushTxFifo                      0x08002f71   Thumb Code    80  usb_core.o(i.USB_OTG_FlushTxFifo)
    USB_OTG_GetDeviceSpeed                   0x08002fc5   Thumb Code    56  usb_core.o(i.USB_OTG_GetDeviceSpeed)
    USB_OTG_GetMode                          0x08002ffd   Thumb Code    12  usb_core.o(i.USB_OTG_GetMode)
    USB_OTG_InitDevSpeed                     0x08003009   Thumb Code    24  usb_core.o(i.USB_OTG_InitDevSpeed)
    USB_OTG_IsDeviceMode                     0x08003021   Thumb Code    22  usb_core.o(i.USB_OTG_IsDeviceMode)
    USB_OTG_ReadCoreItr                      0x08003037   Thumb Code    16  usb_core.o(i.USB_OTG_ReadCoreItr)
    USB_OTG_ReadDevAllInEPItr                0x08003047   Thumb Code    16  usb_core.o(i.USB_OTG_ReadDevAllInEPItr)
    USB_OTG_ReadDevAllOutEp_itr              0x08003057   Thumb Code    16  usb_core.o(i.USB_OTG_ReadDevAllOutEp_itr)
    USB_OTG_ReadDevOutEP_itr                 0x08003067   Thumb Code    20  usb_core.o(i.USB_OTG_ReadDevOutEP_itr)
    USB_OTG_ReadPacket                       0x0800307b   Thumb Code    40  usb_core.o(i.USB_OTG_ReadPacket)
    USB_OTG_SelectCore                       0x080030a5   Thumb Code   204  usb_core.o(i.USB_OTG_SelectCore)
    USB_OTG_SetCurrentMode                   0x08003175   Thumb Code    78  usb_core.o(i.USB_OTG_SetCurrentMode)
    USB_OTG_WritePacket                      0x080031c3   Thumb Code    64  usb_core.o(i.USB_OTG_WritePacket)
    UsageFault_Handler                       0x08003203   Thumb Code     4  stm32f4xx_it.o(i.UsageFault_Handler)
    main                                     0x08003435   Thumb Code    56  main.o(i.main)
    usbd_cdc_DataIn                          0x0800348d   Thumb Code   594  usbd_cdc_core.o(i.usbd_cdc_DataIn)
    usbd_cdc_DataOut                         0x080036fd   Thumb Code    48  usbd_cdc_core.o(i.usbd_cdc_DataOut)
    usbd_cdc_DeInit                          0x08003735   Thumb Code    40  usbd_cdc_core.o(i.usbd_cdc_DeInit)
    usbd_cdc_EP0_RxReady                     0x08003761   Thumb Code    38  usbd_cdc_core.o(i.usbd_cdc_EP0_RxReady)
    usbd_cdc_Init                            0x08003799   Thumb Code    74  usbd_cdc_core.o(i.usbd_cdc_Init)
    usbd_cdc_SOF                             0x080037f1   Thumb Code    36  usbd_cdc_core.o(i.usbd_cdc_SOF)
    usbd_cdc_Setup                           0x08003819   Thumb Code   176  usbd_cdc_core.o(i.usbd_cdc_Setup)
    _fp_init                                 0x080038dd   Thumb Code    10  fpinit.o(x$fpl$fpinit)
    __fplib_config_fpu_vfp                   0x080038e5   Thumb Code     0  fpinit.o(x$fpl$fpinit)
    __fplib_config_pureend_doubles           0x080038e5   Thumb Code     0  fpinit.o(x$fpl$fpinit)
    Region$$Table$$Base                      0x080038e8   Number         0  anon$$obj.o(Region$$Table)
    Region$$Table$$Limit                     0x08003908   Number         0  anon$$obj.o(Region$$Table)
    SET_TEST_MODE                            0x20000010   Data           4  usbd_core.o(.data)
    USBD_DCD_INT_cb                          0x20000014   Data          44  usbd_core.o(.data)
    USBD_DCD_INT_fops                        0x20000040   Data           4  usbd_core.o(.data)
    USBD_ep_status                           0x20000044   Data           4  usbd_req.o(.data)
    USBD_default_cfg                         0x20000048   Data           4  usbd_req.o(.data)
    USBD_cfg_status                          0x2000004c   Data           4  usbd_req.o(.data)
    CmdBuff                                  0x20000058   Data           8  usbd_cdc_core.o(.data)
    APP_Rx_ptr_in                            0x20000060   Data           4  usbd_cdc_core.o(.data)
    APP_Rx_ptr_out                           0x20000064   Data           4  usbd_cdc_core.o(.data)
    APP_Rx_length                            0x20000068   Data           4  usbd_cdc_core.o(.data)
    USB_Tx_State                             0x2000006c   Data           1  usbd_cdc_core.o(.data)
    USBD_CDC_cb                              0x2000007c   Data          44  usbd_cdc_core.o(.data)
    usbd_cdc_CfgDesc                         0x200000a8   Data          67  usbd_cdc_core.o(.data)
    RX_Length                                0x200000f0   Data           4  usbd_cdc_vcp.o(.data)
    linecoding                               0x200000f4   Data           8  usbd_cdc_vcp.o(.data)
    VCP_fops                                 0x200000fc   Data          20  usbd_cdc_vcp.o(.data)
    USR_desc                                 0x20000110   Data          28  usbd_desc.o(.data)
    USBD_DeviceDesc                          0x2000012c   Data          18  usbd_desc.o(.data)
    USBD_DeviceQualifierDesc                 0x2000013e   Data          10  usbd_desc.o(.data)
    USBD_LangIDDesc                          0x20000148   Data           4  usbd_desc.o(.data)
    USBD_StringSerial                        0x2000014c   Data          26  usbd_desc.o(.data)
    USR_cb                                   0x20000168   Data          28  usbd_usr.o(.data)
    USB_OTG_dev                              0x20000184   Data        1524  main.o(.bss)
    usbd_cdc_OtherCfgDesc                    0x20000778   Data          67  usbd_cdc_core.o(.bss)
    USB_Rx_Buffer                            0x200007bb   Data          64  usbd_cdc_core.o(.bss)
    APP_Rx_Buffer                            0x200007fb   Data        2048  usbd_cdc_core.o(.bss)
    RX_Buffer                                0x2000103c   Data        2048  usbd_cdc_vcp.o(.bss)
    USART_InitStructure                      0x2000183c   Data          16  usbd_cdc_vcp.o(.bss)
    USBD_StrDesc                             0x2000184c   Data         255  usbd_desc.o(.bss)
    __libspace_start                         0x2000194c   Data          96  libspace.o(.bss)
    __temporary_stack_top$libspace           0x200019ac   Data           0  libspace.o(.bss)



==============================================================================

Memory Map of the image

  Image Entry point : 0x08000189

  Load Region LR_IROM1 (Base: 0x08000000, Size: 0x00003a8c, Max: 0x00080000, ABSOLUTE, COMPRESSED[0x000039fc])

    Execution Region ER_IROM1 (Exec base: 0x08000000, Load base: 0x08000000, Size: 0x00003908, Max: 0x00080000, ABSOLUTE)

    Exec Addr    Load Addr    Size         Type   Attr      Idx    E Section Name        Object

    0x08000000   0x08000000   0x00000188   Data   RO          396    RESET               startup_stm32f40_41xxx.o
    0x08000188   0x08000188   0x00000008   Code   RO         2814  * !!!main             c_w.l(__main.o)
    0x08000190   0x08000190   0x00000034   Code   RO         2973    !!!scatter          c_w.l(__scatter.o)
    0x080001c4   0x080001c4   0x0000005a   Code   RO         2971    !!dczerorl2         c_w.l(__dczerorl2.o)
    0x0800021e   0x0800021e   0x00000002   PAD
    0x08000220   0x08000220   0x0000001c   Code   RO         2975    !!handler_zi        c_w.l(__scatter_zi.o)
    0x0800023c   0x0800023c   0x00000002   Code   RO         2841    .ARM.Collect$$libinit$$00000000  c_w.l(libinit.o)
    0x0800023e   0x0800023e   0x00000004   Code   RO         2847    .ARM.Collect$$libinit$$00000001  c_w.l(libinit2.o)
    0x08000242   0x08000242   0x00000000   Code   RO         2850    .ARM.Collect$$libinit$$00000004  c_w.l(libinit2.o)
    0x08000242   0x08000242   0x00000000   Code   RO         2853    .ARM.Collect$$libinit$$0000000A  c_w.l(libinit2.o)
    0x08000242   0x08000242   0x00000000   Code   RO         2855    .ARM.Collect$$libinit$$0000000C  c_w.l(libinit2.o)
    0x08000242   0x08000242   0x00000000   Code   RO         2857    .ARM.Collect$$libinit$$0000000E  c_w.l(libinit2.o)
    0x08000242   0x08000242   0x00000000   Code   RO         2860    .ARM.Collect$$libinit$$00000011  c_w.l(libinit2.o)
    0x08000242   0x08000242   0x00000000   Code   RO         2862    .ARM.Collect$$libinit$$00000013  c_w.l(libinit2.o)
    0x08000242   0x08000242   0x00000000   Code   RO         2864    .ARM.Collect$$libinit$$00000015  c_w.l(libinit2.o)
    0x08000242   0x08000242   0x00000000   Code   RO         2866    .ARM.Collect$$libinit$$00000017  c_w.l(libinit2.o)
    0x08000242   0x08000242   0x00000000   Code   RO         2868    .ARM.Collect$$libinit$$00000019  c_w.l(libinit2.o)
    0x08000242   0x08000242   0x00000000   Code   RO         2870    .ARM.Collect$$libinit$$0000001B  c_w.l(libinit2.o)
    0x08000242   0x08000242   0x00000000   Code   RO         2872    .ARM.Collect$$libinit$$0000001D  c_w.l(libinit2.o)
    0x08000242   0x08000242   0x00000000   Code   RO         2874    .ARM.Collect$$libinit$$0000001F  c_w.l(libinit2.o)
    0x08000242   0x08000242   0x00000000   Code   RO         2876    .ARM.Collect$$libinit$$00000021  c_w.l(libinit2.o)
    0x08000242   0x08000242   0x00000000   Code   RO         2878    .ARM.Collect$$libinit$$00000023  c_w.l(libinit2.o)
    0x08000242   0x08000242   0x00000000   Code   RO         2880    .ARM.Collect$$libinit$$00000025  c_w.l(libinit2.o)
    0x08000242   0x08000242   0x00000000   Code   RO         2884    .ARM.Collect$$libinit$$0000002C  c_w.l(libinit2.o)
    0x08000242   0x08000242   0x00000000   Code   RO         2886    .ARM.Collect$$libinit$$0000002E  c_w.l(libinit2.o)
    0x08000242   0x08000242   0x00000000   Code   RO         2888    .ARM.Collect$$libinit$$00000030  c_w.l(libinit2.o)
    0x08000242   0x08000242   0x00000000   Code   RO         2890    .ARM.Collect$$libinit$$00000032  c_w.l(libinit2.o)
    0x08000242   0x08000242   0x00000002   Code   RO         2891    .ARM.Collect$$libinit$$00000033  c_w.l(libinit2.o)
    0x08000244   0x08000244   0x00000002   Code   RO         2911    .ARM.Collect$$libshutdown$$00000000  c_w.l(libshutdown.o)
    0x08000246   0x08000246   0x00000000   Code   RO         2924    .ARM.Collect$$libshutdown$$00000002  c_w.l(libshutdown2.o)
    0x08000246   0x08000246   0x00000000   Code   RO         2926    .ARM.Collect$$libshutdown$$00000004  c_w.l(libshutdown2.o)
    0x08000246   0x08000246   0x00000000   Code   RO         2929    .ARM.Collect$$libshutdown$$00000007  c_w.l(libshutdown2.o)
    0x08000246   0x08000246   0x00000000   Code   RO         2932    .ARM.Collect$$libshutdown$$0000000A  c_w.l(libshutdown2.o)
    0x08000246   0x08000246   0x00000000   Code   RO         2934    .ARM.Collect$$libshutdown$$0000000C  c_w.l(libshutdown2.o)
    0x08000246   0x08000246   0x00000000   Code   RO         2937    .ARM.Collect$$libshutdown$$0000000F  c_w.l(libshutdown2.o)
    0x08000246   0x08000246   0x00000002   Code   RO         2938    .ARM.Collect$$libshutdown$$00000010  c_w.l(libshutdown2.o)
    0x08000248   0x08000248   0x00000000   Code   RO         2816    .ARM.Collect$$rtentry$$00000000  c_w.l(__rtentry.o)
    0x08000248   0x08000248   0x00000000   Code   RO         2818    .ARM.Collect$$rtentry$$00000002  c_w.l(__rtentry2.o)
    0x08000248   0x08000248   0x00000006   Code   RO         2830    .ARM.Collect$$rtentry$$00000004  c_w.l(__rtentry4.o)
    0x0800024e   0x0800024e   0x00000000   Code   RO         2820    .ARM.Collect$$rtentry$$00000009  c_w.l(__rtentry2.o)
    0x0800024e   0x0800024e   0x00000004   Code   RO         2821    .ARM.Collect$$rtentry$$0000000A  c_w.l(__rtentry2.o)
    0x08000252   0x08000252   0x00000000   Code   RO         2823    .ARM.Collect$$rtentry$$0000000C  c_w.l(__rtentry2.o)
    0x08000252   0x08000252   0x00000008   Code   RO         2824    .ARM.Collect$$rtentry$$0000000D  c_w.l(__rtentry2.o)
    0x0800025a   0x0800025a   0x00000002   Code   RO         2845    .ARM.Collect$$rtexit$$00000000  c_w.l(rtexit.o)
    0x0800025c   0x0800025c   0x00000000   Code   RO         2893    .ARM.Collect$$rtexit$$00000002  c_w.l(rtexit2.o)
    0x0800025c   0x0800025c   0x00000004   Code   RO         2894    .ARM.Collect$$rtexit$$00000003  c_w.l(rtexit2.o)
    0x08000260   0x08000260   0x00000006   Code   RO         2895    .ARM.Collect$$rtexit$$00000004  c_w.l(rtexit2.o)
    0x08000266   0x08000266   0x00000002   PAD
    0x08000268   0x08000268   0x00000040   Code   RO          397    .text               startup_stm32f40_41xxx.o
    0x080002a8   0x080002a8   0x00000006   Code   RO         2812    .text               c_w.l(heapauxi.o)
    0x080002ae   0x080002ae   0x0000004a   Code   RO         2832    .text               c_w.l(sys_stackheap_outer.o)
    0x080002f8   0x080002f8   0x00000012   Code   RO         2834    .text               c_w.l(exit.o)
    0x0800030a   0x0800030a   0x00000002   PAD
    0x0800030c   0x0800030c   0x00000008   Code   RO         2842    .text               c_w.l(libspace.o)
    0x08000314   0x08000314   0x0000000c   Code   RO         2903    .text               c_w.l(sys_exit.o)
    0x08000320   0x08000320   0x00000002   Code   RO         2914    .text               c_w.l(use_no_semi.o)
    0x08000322   0x08000322   0x00000000   Code   RO         2916    .text               c_w.l(indicate_semi.o)
    0x08000322   0x08000322   0x00000004   Code   RO          195    i.BusFault_Handler  stm32f4xx_it.o
    0x08000326   0x08000326   0x0000004a   Code   RO         2300    i.DCD_EP_Close      usb_dcd.o
    0x08000370   0x08000370   0x00000048   Code   RO         2301    i.DCD_EP_ClrStall   usb_dcd.o
    0x080003b8   0x080003b8   0x00000068   Code   RO         2303    i.DCD_EP_Open       usb_dcd.o
    0x08000420   0x08000420   0x00000052   Code   RO         2304    i.DCD_EP_PrepareRx  usb_dcd.o
    0x08000472   0x08000472   0x0000001c   Code   RO         2305    i.DCD_EP_SetAddress  usb_dcd.o
    0x0800048e   0x0800048e   0x00000048   Code   RO         2306    i.DCD_EP_Stall      usb_dcd.o
    0x080004d6   0x080004d6   0x0000004e   Code   RO         2307    i.DCD_EP_Tx         usb_dcd.o
    0x08000524   0x08000524   0x00000198   Code   RO         2390    i.DCD_HandleEnumDone_ISR  usb_dcd_int.o
    0x080006bc   0x080006bc   0x00000128   Code   RO         2391    i.DCD_HandleInEP_ISR  usb_dcd_int.o
    0x080007e4   0x080007e4   0x00000100   Code   RO         2392    i.DCD_HandleOutEP_ISR  usb_dcd_int.o
    0x080008e4   0x080008e4   0x0000006c   Code   RO         2393    i.DCD_HandleResume_ISR  usb_dcd_int.o
    0x08000950   0x08000950   0x000000b0   Code   RO         2394    i.DCD_HandleRxStatusQueueLevel_ISR  usb_dcd_int.o
    0x08000a00   0x08000a00   0x0000002c   Code   RO         2395    i.DCD_HandleSof_ISR  usb_dcd_int.o
    0x08000a2c   0x08000a2c   0x000000a8   Code   RO         2396    i.DCD_HandleUSBSuspend_ISR  usb_dcd_int.o
    0x08000ad4   0x08000ad4   0x00000104   Code   RO         2397    i.DCD_HandleUsbReset_ISR  usb_dcd_int.o
    0x08000bd8   0x08000bd8   0x0000009c   Code   RO         2309    i.DCD_Init          usb_dcd.o
    0x08000c74   0x08000c74   0x0000002c   Code   RO         2398    i.DCD_IsoINIncomplete_ISR  usb_dcd_int.o
    0x08000ca0   0x08000ca0   0x0000002c   Code   RO         2399    i.DCD_IsoOUTIncomplete_ISR  usb_dcd_int.o
    0x08000ccc   0x08000ccc   0x0000002c   Code   RO         2400    i.DCD_OTG_ISR       usb_dcd_int.o
    0x08000cf8   0x08000cf8   0x00000028   Code   RO         2401    i.DCD_ReadDevInEP   usb_dcd_int.o
    0x08000d20   0x08000d20   0x0000002c   Code   RO         2402    i.DCD_SessionRequest_ISR  usb_dcd_int.o
    0x08000d4c   0x08000d4c   0x000000ac   Code   RO         2403    i.DCD_WriteEmptyTxFifo  usb_dcd_int.o
    0x08000df8   0x08000df8   0x00000002   Code   RO          196    i.DebugMon_Handler  stm32f4xx_it.o
    0x08000dfa   0x08000dfa   0x00000090   Code   RO          448    i.GPIO_Init         stm32f4xx_gpio.o
    0x08000e8a   0x08000e8a   0x00000046   Code   RO          449    i.GPIO_PinAFConfig  stm32f4xx_gpio.o
    0x08000ed0   0x08000ed0   0x00000034   Code   RO         2675    i.Get_SerialNum     usbd_desc.o
    0x08000f04   0x08000f04   0x00000270   Code   RO         2546    i.Handle_USBAsynchXfer  usbd_cdc_core.o
    0x08001174   0x08001174   0x00000004   Code   RO          197    i.HardFault_Handler  stm32f4xx_it.o
    0x08001178   0x08001178   0x0000003e   Code   RO         2676    i.IntToUnicode      usbd_desc.o
    0x080011b6   0x080011b6   0x00000004   Code   RO          198    i.MemManage_Handler  stm32f4xx_it.o
    0x080011ba   0x080011ba   0x00000002   Code   RO          199    i.NMI_Handler       stm32f4xx_it.o
    0x080011bc   0x080011bc   0x00000078   Code   RO          403    i.NVIC_Init         misc.o
    0x08001234   0x08001234   0x00000010   Code   RO          200    i.OTG_FS_IRQHandler  stm32f4xx_it.o
    0x08001244   0x08001244   0x00000002   Code   RO          201    i.PendSV_Handler    stm32f4xx_it.o
    0x08001246   0x08001246   0x00000002   PAD
    0x08001248   0x08001248   0x00000020   Code   RO          545    i.RCC_AHB1PeriphClockCmd  stm32f4xx_rcc.o
    0x08001268   0x08001268   0x00000020   Code   RO          548    i.RCC_AHB2PeriphClockCmd  stm32f4xx_rcc.o
    0x08001288   0x08001288   0x00000020   Code   RO          557    i.RCC_APB2PeriphClockCmd  stm32f4xx_rcc.o
    0x080012a8   0x080012a8   0x000000e8   Code   RO          566    i.RCC_GetClocksFreq  stm32f4xx_rcc.o
    0x08001390   0x08001390   0x00000002   Code   RO          202    i.SVC_Handler       stm32f4xx_it.o
    0x08001392   0x08001392   0x00000002   PAD
    0x08001394   0x08001394   0x000000ec   Code   RO          325    i.SetSysClock       system_stm32f4xx.o
    0x08001480   0x08001480   0x00000002   Code   RO          203    i.SysTick_Handler   stm32f4xx_it.o
    0x08001482   0x08001482   0x00000002   PAD
    0x08001484   0x08001484   0x00000068   Code   RO          327    i.SystemInit        system_stm32f4xx.o
    0x080014ec   0x080014ec   0x0000004a   Code   RO         1635    i.USART_ITConfig    stm32f4xx_usart.o
    0x08001536   0x08001536   0x00000002   PAD
    0x08001538   0x08001538   0x000000d4   Code   RO         1636    i.USART_Init        stm32f4xx_usart.o
    0x0800160c   0x0800160c   0x00000016   Code   RO         1813    i.USBD_ClrCfg       usbd_core.o
    0x08001622   0x08001622   0x00000048   Code   RO         1976    i.USBD_ClrFeature   usbd_req.o
    0x0800166a   0x0800166a   0x0000001e   Code   RO         1920    i.USBD_CtlContinueRx  usbd_ioreq.o
    0x08001688   0x08001688   0x0000001e   Code   RO         1921    i.USBD_CtlContinueSendData  usbd_ioreq.o
    0x080016a6   0x080016a6   0x0000001e   Code   RO         1977    i.USBD_CtlError     usbd_req.o
    0x080016c4   0x080016c4   0x0000002e   Code   RO         1922    i.USBD_CtlPrepareRx  usbd_ioreq.o
    0x080016f2   0x080016f2   0x00000024   Code   RO         1923    i.USBD_CtlReceiveStatus  usbd_ioreq.o
    0x08001716   0x08001716   0x0000002e   Code   RO         1924    i.USBD_CtlSendData  usbd_ioreq.o
    0x08001744   0x08001744   0x00000024   Code   RO         1925    i.USBD_CtlSendStatus  usbd_ioreq.o
    0x08001768   0x08001768   0x000000e8   Code   RO         1814    i.USBD_DataInStage  usbd_core.o
    0x08001850   0x08001850   0x00000096   Code   RO         1815    i.USBD_DataOutStage  usbd_core.o
    0x080018e6   0x080018e6   0x00000006   Code   RO         1816    i.USBD_DeInit       usbd_core.o
    0x080018ec   0x080018ec   0x00000018   Code   RO         1817    i.USBD_DevConnected  usbd_core.o
    0x08001904   0x08001904   0x00000024   Code   RO         1818    i.USBD_DevDisconnected  usbd_core.o
    0x08001928   0x08001928   0x00000054   Code   RO         1978    i.USBD_GetConfig    usbd_req.o
    0x0800197c   0x0800197c   0x00000112   Code   RO         1979    i.USBD_GetDescriptor  usbd_req.o
    0x08001a8e   0x08001a8e   0x00000014   Code   RO         1980    i.USBD_GetLen       usbd_req.o
    0x08001aa2   0x08001aa2   0x00000002   PAD
    0x08001aa4   0x08001aa4   0x00000050   Code   RO         1981    i.USBD_GetStatus    usbd_req.o
    0x08001af4   0x08001af4   0x00000052   Code   RO         1982    i.USBD_GetString    usbd_req.o
    0x08001b46   0x08001b46   0x00000042   Code   RO         1819    i.USBD_Init         usbd_core.o
    0x08001b88   0x08001b88   0x00000012   Code   RO         1820    i.USBD_IsoINIncomplete  usbd_core.o
    0x08001b9a   0x08001b9a   0x00000012   Code   RO         1821    i.USBD_IsoOUTIncomplete  usbd_core.o
    0x08001bac   0x08001bac   0x00000100   Code   RO         2404    i.USBD_OTG_ISR_Handler  usb_dcd_int.o
    0x08001cac   0x08001cac   0x00000048   Code   RO         1983    i.USBD_ParseSetupRequest  usbd_req.o
    0x08001cf4   0x08001cf4   0x00000032   Code   RO         1822    i.USBD_Reset        usbd_core.o
    0x08001d26   0x08001d26   0x0000001e   Code   RO         1823    i.USBD_Resume       usbd_core.o
    0x08001d44   0x08001d44   0x00000014   Code   RO         1824    i.USBD_RunTestMode  usbd_core.o
    0x08001d58   0x08001d58   0x0000001a   Code   RO         1825    i.USBD_SOF          usbd_core.o
    0x08001d72   0x08001d72   0x0000005c   Code   RO         1984    i.USBD_SetAddress   usbd_req.o
    0x08001dce   0x08001dce   0x0000001e   Code   RO         1826    i.USBD_SetCfg       usbd_core.o
    0x08001dec   0x08001dec   0x000000d0   Code   RO         1985    i.USBD_SetConfig    usbd_req.o
    0x08001ebc   0x08001ebc   0x000000b0   Code   RO         1986    i.USBD_SetFeature   usbd_req.o
    0x08001f6c   0x08001f6c   0x00000054   Code   RO         1827    i.USBD_SetupStage   usbd_core.o
    0x08001fc0   0x08001fc0   0x00000072   Code   RO         1987    i.USBD_StdDevReq    usbd_req.o
    0x08002032   0x08002032   0x00000002   PAD
    0x08002034   0x08002034   0x00000178   Code   RO         1988    i.USBD_StdEPReq     usbd_req.o
    0x080021ac   0x080021ac   0x0000004c   Code   RO         1989    i.USBD_StdItfReq    usbd_req.o
    0x080021f8   0x080021f8   0x00000020   Code   RO         1828    i.USBD_Suspend      usbd_core.o
    0x08002218   0x08002218   0x00000034   Code   RO         2677    i.USBD_USR_ConfigStrDescriptor  usbd_desc.o
    0x0800224c   0x0800224c   0x00000002   Code   RO         2749    i.USBD_USR_DeviceConfigured  usbd_usr.o
    0x0800224e   0x0800224e   0x00000002   Code   RO         2750    i.USBD_USR_DeviceConnected  usbd_usr.o
    0x08002250   0x08002250   0x00000010   Code   RO         2678    i.USBD_USR_DeviceDescriptor  usbd_desc.o
    0x08002260   0x08002260   0x00000002   Code   RO         2751    i.USBD_USR_DeviceDisconnected  usbd_usr.o
    0x08002262   0x08002262   0x00000012   Code   RO         2752    i.USBD_USR_DeviceReset  usbd_usr.o
    0x08002274   0x08002274   0x00000002   Code   RO         2753    i.USBD_USR_DeviceResumed  usbd_usr.o
    0x08002276   0x08002276   0x00000002   Code   RO         2754    i.USBD_USR_DeviceSuspended  usbd_usr.o
    0x08002278   0x08002278   0x00000002   Code   RO         2755    i.USBD_USR_Init     usbd_usr.o
    0x0800227a   0x0800227a   0x00000002   PAD
    0x0800227c   0x0800227c   0x00000038   Code   RO         2679    i.USBD_USR_InterfaceStrDescriptor  usbd_desc.o
    0x080022b4   0x080022b4   0x00000010   Code   RO         2680    i.USBD_USR_LangIDStrDescriptor  usbd_desc.o
    0x080022c4   0x080022c4   0x0000002c   Code   RO         2681    i.USBD_USR_ManufacturerStrDescriptor  usbd_desc.o
    0x080022f0   0x080022f0   0x00000070   Code   RO         2682    i.USBD_USR_ProductStrDescriptor  usbd_desc.o
    0x08002360   0x08002360   0x00000018   Code   RO         2683    i.USBD_USR_SerialStrDescriptor  usbd_desc.o
    0x08002378   0x08002378   0x00000010   Code   RO         2547    i.USBD_cdc_GetCfgDesc  usbd_cdc_core.o
    0x08002388   0x08002388   0x00000024   Code   RO         2486    i.USB_OTG_BSP_EnableInterrupt  usb_bsp.o
    0x080023ac   0x080023ac   0x000000b4   Code   RO         2487    i.USB_OTG_BSP_Init  usb_bsp.o
    0x08002460   0x08002460   0x00000012   Code   RO         2490    i.USB_OTG_BSP_mDelay  usb_bsp.o
    0x08002472   0x08002472   0x0000001e   Code   RO         2491    i.USB_OTG_BSP_uDelay  usb_bsp.o
    0x08002490   0x08002490   0x0000011a   Code   RO         2071    i.USB_OTG_CoreInit  usb_core.o
    0x080025aa   0x080025aa   0x0000020e   Code   RO         2072    i.USB_OTG_CoreInitDev  usb_core.o
    0x080027b8   0x080027b8   0x00000070   Code   RO         2073    i.USB_OTG_CoreReset  usb_core.o
    0x08002828   0x08002828   0x00000022   Code   RO         2074    i.USB_OTG_DisableGlobalInt  usb_core.o
    0x0800284a   0x0800284a   0x00000074   Code   RO         2075    i.USB_OTG_EP0Activate  usb_core.o
    0x080028be   0x080028be   0x00000156   Code   RO         2076    i.USB_OTG_EP0StartXfer  usb_core.o
    0x08002a14   0x08002a14   0x00000062   Code   RO         2077    i.USB_OTG_EP0_OutStart  usb_core.o
    0x08002a76   0x08002a76   0x00000098   Code   RO         2078    i.USB_OTG_EPActivate  usb_core.o
    0x08002b0e   0x08002b0e   0x00000050   Code   RO         2079    i.USB_OTG_EPClearStall  usb_core.o
    0x08002b5e   0x08002b5e   0x0000005e   Code   RO         2080    i.USB_OTG_EPDeactivate  usb_core.o
    0x08002bbc   0x08002bbc   0x00000064   Code   RO         2081    i.USB_OTG_EPSetStall  usb_core.o
    0x08002c20   0x08002c20   0x000001fe   Code   RO         2082    i.USB_OTG_EPStartXfer  usb_core.o
    0x08002e1e   0x08002e1e   0x00000034   Code   RO         2083    i.USB_OTG_EnableCommonInt  usb_core.o
    0x08002e52   0x08002e52   0x000000b0   Code   RO         2084    i.USB_OTG_EnableDevInt  usb_core.o
    0x08002f02   0x08002f02   0x00000022   Code   RO         2085    i.USB_OTG_EnableGlobalInt  usb_core.o
    0x08002f24   0x08002f24   0x0000004c   Code   RO         2086    i.USB_OTG_FlushRxFifo  usb_core.o
    0x08002f70   0x08002f70   0x00000054   Code   RO         2087    i.USB_OTG_FlushTxFifo  usb_core.o
    0x08002fc4   0x08002fc4   0x00000038   Code   RO         2088    i.USB_OTG_GetDeviceSpeed  usb_core.o
    0x08002ffc   0x08002ffc   0x0000000c   Code   RO         2090    i.USB_OTG_GetMode   usb_core.o
    0x08003008   0x08003008   0x00000018   Code   RO         2091    i.USB_OTG_InitDevSpeed  usb_core.o
    0x08003020   0x08003020   0x00000016   Code   RO         2092    i.USB_OTG_IsDeviceMode  usb_core.o
    0x08003036   0x08003036   0x00000010   Code   RO         2094    i.USB_OTG_ReadCoreItr  usb_core.o
    0x08003046   0x08003046   0x00000010   Code   RO         2095    i.USB_OTG_ReadDevAllInEPItr  usb_core.o
    0x08003056   0x08003056   0x00000010   Code   RO         2096    i.USB_OTG_ReadDevAllOutEp_itr  usb_core.o
    0x08003066   0x08003066   0x00000014   Code   RO         2097    i.USB_OTG_ReadDevOutEP_itr  usb_core.o
    0x0800307a   0x0800307a   0x00000028   Code   RO         2099    i.USB_OTG_ReadPacket  usb_core.o
    0x080030a2   0x080030a2   0x00000002   PAD
    0x080030a4   0x080030a4   0x000000d0   Code   RO         2100    i.USB_OTG_SelectCore  usb_core.o
    0x08003174   0x08003174   0x0000004e   Code   RO         2101    i.USB_OTG_SetCurrentMode  usb_core.o
    0x080031c2   0x080031c2   0x00000040   Code   RO         2105    i.USB_OTG_WritePacket  usb_core.o
    0x08003202   0x08003202   0x00000004   Code   RO          204    i.UsageFault_Handler  stm32f4xx_it.o
    0x08003206   0x08003206   0x00000002   PAD
    0x08003208   0x08003208   0x0000010c   Code   RO         2620    i.VCP_COMConfig     usbd_cdc_vcp.o
    0x08003314   0x08003314   0x000000a8   Code   RO         2621    i.VCP_Ctrl          usbd_cdc_vcp.o
    0x080033bc   0x080033bc   0x00000024   Code   RO         2622    i.VCP_DataRx        usbd_cdc_vcp.o
    0x080033e0   0x080033e0   0x0000004c   Code   RO         2623    i.VCP_DataTx        usbd_cdc_vcp.o
    0x0800342c   0x0800342c   0x00000004   Code   RO         2624    i.VCP_DeInit        usbd_cdc_vcp.o
    0x08003430   0x08003430   0x00000004   Code   RO         2625    i.VCP_Init          usbd_cdc_vcp.o
    0x08003434   0x08003434   0x00000058   Code   RO            3    i.main              main.o
    0x0800348c   0x0800348c   0x00000270   Code   RO         2548    i.usbd_cdc_DataIn   usbd_cdc_core.o
    0x080036fc   0x080036fc   0x00000038   Code   RO         2549    i.usbd_cdc_DataOut  usbd_cdc_core.o
    0x08003734   0x08003734   0x0000002c   Code   RO         2550    i.usbd_cdc_DeInit   usbd_cdc_core.o
    0x08003760   0x08003760   0x00000038   Code   RO         2551    i.usbd_cdc_EP0_RxReady  usbd_cdc_core.o
    0x08003798   0x08003798   0x00000058   Code   RO         2552    i.usbd_cdc_Init     usbd_cdc_core.o
    0x080037f0   0x080037f0   0x00000028   Code   RO         2553    i.usbd_cdc_SOF      usbd_cdc_core.o
    0x08003818   0x08003818   0x000000c4   Code   RO         2554    i.usbd_cdc_Setup    usbd_cdc_core.o
    0x080038dc   0x080038dc   0x0000000a   Code   RO         2901    x$fpl$fpinit        fz_wm.l(fpinit.o)
    0x080038e6   0x080038e6   0x00000002   PAD
    0x080038e8   0x080038e8   0x00000020   Data   RO         2969    Region$$Table       anon$$obj.o


    Execution Region RW_IRAM1 (Exec base: 0x20000000, Load base: 0x08003908, Size: 0x00001fb0, Max: 0x00020000, ABSOLUTE, COMPRESSED[0x000000f4])

    Exec Addr    Load Addr    Size         Type   Attr      Idx    E Section Name        Object

    0x20000000   COMPRESSED   0x00000010   Data   RW          598    .data               stm32f4xx_rcc.o
    0x20000010   COMPRESSED   0x00000034   Data   RW         1829    .data               usbd_core.o
    0x20000044   COMPRESSED   0x0000000d   Data   RW         1990    .data               usbd_req.o
    0x20000051   COMPRESSED   0x00000003   PAD
    0x20000054   COMPRESSED   0x0000009c   Data   RW         2556    .data               usbd_cdc_core.o
    0x200000f0   COMPRESSED   0x00000020   Data   RW         2627    .data               usbd_cdc_vcp.o
    0x20000110   COMPRESSED   0x00000056   Data   RW         2685    .data               usbd_desc.o
    0x20000166   COMPRESSED   0x00000002   PAD
    0x20000168   COMPRESSED   0x0000001c   Data   RW         2756    .data               usbd_usr.o
    0x20000184        -       0x000005f4   Zero   RW            4    .bss                main.o
    0x20000778        -       0x000008c3   Zero   RW         2555    .bss                usbd_cdc_core.o
    0x2000103b   COMPRESSED   0x00000001   PAD
    0x2000103c        -       0x00000810   Zero   RW         2626    .bss                usbd_cdc_vcp.o
    0x2000184c        -       0x000000ff   Zero   RW         2684    .bss                usbd_desc.o
    0x2000194b   COMPRESSED   0x00000001   PAD
    0x2000194c        -       0x00000060   Zero   RW         2843    .bss                c_w.l(libspace.o)
    0x200019ac   COMPRESSED   0x00000004   PAD
    0x200019b0        -       0x00000200   Zero   RW          395    HEAP                startup_stm32f40_41xxx.o
    0x20001bb0        -       0x00000400   Zero   RW          394    STACK               startup_stm32f40_41xxx.o


==============================================================================

Image component sizes


      Code (inc. data)   RO Data    RW Data    ZI Data      Debug   Object Name

        88         32          0          0       1524     282999   main.o
       120         14          0          0          0       1096   misc.o
        64         26        392          0       1536        892   startup_stm32f40_41xxx.o
       214          0          0          0          0       1907   stm32f4xx_gpio.o
        42          6          0          0          0     234282   stm32f4xx_it.o
       328         36          0         16          0       4899   stm32f4xx_rcc.o
       286          8          0          0          0       2490   stm32f4xx_usart.o
       340         32          0          0          0       1617   system_stm32f4xx.o
       264          6          0          0          0       3107   usb_bsp.o
      3440         18          0          0          0      22748   usb_core.o
       666          0          0          0          0       6436   usb_dcd.o
      2360        108          0          0          0      11751   usb_dcd_int.o
      1744        134          0        156       2243      10026   usbd_cdc_core.o
       556         44          0         32       2064       5428   usbd_cdc_vcp.o
       844          6          0         52          0      12396   usbd_core.o
       434        170          0         86        255       7727   usbd_desc.o
       224          0          0          0          0       4804   usbd_ioreq.o
      1756         56          0         13          0      11254   usbd_req.o
        30          0          0         28          0       4073   usbd_usr.o

    ----------------------------------------------------------------------
     13818        696        424        388       7624     629932   Object Totals
         0          0         32          0          0          0   (incl. Generated)
        18          0          0          5          2          0   (incl. Padding)

    ----------------------------------------------------------------------

      Code (inc. data)   RO Data    RW Data    ZI Data      Debug   Library Member Name

        90          0          0          0          0          0   __dczerorl2.o
         8          0          0          0          0         68   __main.o
         0          0          0          0          0          0   __rtentry.o
        12          0          0          0          0          0   __rtentry2.o
         6          0          0          0          0          0   __rtentry4.o
        52          8          0          0          0          0   __scatter.o
        28          0          0          0          0          0   __scatter_zi.o
        18          0          0          0          0         80   exit.o
         6          0          0          0          0        152   heapauxi.o
         0          0          0          0          0          0   indicate_semi.o
         2          0          0          0          0          0   libinit.o
         6          0          0          0          0          0   libinit2.o
         2          0          0          0          0          0   libshutdown.o
         2          0          0          0          0          0   libshutdown2.o
         8          4          0          0         96         68   libspace.o
         2          0          0          0          0          0   rtexit.o
        10          0          0          0          0          0   rtexit2.o
        12          4          0          0          0         68   sys_exit.o
        74          0          0          0          0         80   sys_stackheap_outer.o
         2          0          0          0          0         68   use_no_semi.o
        10          0          0          0          0        116   fpinit.o

    ----------------------------------------------------------------------
       358         16          0          0        100        700   Library Totals
         8          0          0          0          4          0   (incl. Padding)

    ----------------------------------------------------------------------

      Code (inc. data)   RO Data    RW Data    ZI Data      Debug   Library Name

       340         16          0          0         96        584   c_w.l
        10          0          0          0          0        116   fz_wm.l

    ----------------------------------------------------------------------
       358         16          0          0        100        700   Library Totals

    ----------------------------------------------------------------------

==============================================================================


      Code (inc. data)   RO Data    RW Data    ZI Data      Debug   

     14176        712        424        388       7724     616576   Grand Totals
     14176        712        424        244       7724     616576   ELF Image Totals (compressed)
     14176        712        424        244          0          0   ROM Totals

==============================================================================

    Total RO  Size (Code + RO Data)                14600 (  14.26kB)
    Total RW  Size (RW Data + ZI Data)              8112 (   7.92kB)
    Total ROM Size (Code + RO Data + RW Data)      14844 (  14.50kB)

==============================================================================

